Archive member included to satisfy reference by file (symbol)

c:/program files (x86)/embitz/1.11/share/em_armgcc/bin/../lib/gcc/arm-none-eabi/5.4.1/../../../../arm-none-eabi/lib/armv7-m\libg_n.a(lib_a-exit.o)
                              c:/program files (x86)/embitz/1.11/share/em_armgcc/bin/../lib/gcc/arm-none-eabi/5.4.1/../../../../arm-none-eabi/lib/armv7-m/crt0.o (exit)
c:/program files (x86)/embitz/1.11/share/em_armgcc/bin/../lib/gcc/arm-none-eabi/5.4.1/../../../../arm-none-eabi/lib/armv7-m\libg_n.a(lib_a-impure.o)
                              c:/program files (x86)/embitz/1.11/share/em_armgcc/bin/../lib/gcc/arm-none-eabi/5.4.1/../../../../arm-none-eabi/lib/armv7-m\libg_n.a(lib_a-exit.o) (_global_impure_ptr)
c:/program files (x86)/embitz/1.11/share/em_armgcc/bin/../lib/gcc/arm-none-eabi/5.4.1/../../../../arm-none-eabi/lib/armv7-m\libg_n.a(lib_a-init.o)
                              c:/program files (x86)/embitz/1.11/share/em_armgcc/bin/../lib/gcc/arm-none-eabi/5.4.1/../../../../arm-none-eabi/lib/armv7-m/crt0.o (__libc_init_array)
c:/program files (x86)/embitz/1.11/share/em_armgcc/bin/../lib/gcc/arm-none-eabi/5.4.1/../../../../arm-none-eabi/lib/armv7-m\libg_n.a(lib_a-memset.o)
                              c:/program files (x86)/embitz/1.11/share/em_armgcc/bin/../lib/gcc/arm-none-eabi/5.4.1/../../../../arm-none-eabi/lib/armv7-m/crt0.o (memset)
c:/program files (x86)/embitz/1.11/share/em_armgcc/bin/../lib/gcc/arm-none-eabi/5.4.1/../../../../arm-none-eabi/lib/armv7-m\libnosys_s.a(_exit.o)
                              c:/program files (x86)/embitz/1.11/share/em_armgcc/bin/../lib/gcc/arm-none-eabi/5.4.1/../../../../arm-none-eabi/lib/armv7-m\libg_n.a(lib_a-exit.o) (_exit)

Discarded input sections

 .text          0x00000000        0x0 c:/program files (x86)/embitz/1.11/share/em_armgcc/bin/../lib/gcc/arm-none-eabi/5.4.1/armv7-m/crti.o
 .data          0x00000000        0x0 c:/program files (x86)/embitz/1.11/share/em_armgcc/bin/../lib/gcc/arm-none-eabi/5.4.1/armv7-m/crti.o
 .bss           0x00000000        0x0 c:/program files (x86)/embitz/1.11/share/em_armgcc/bin/../lib/gcc/arm-none-eabi/5.4.1/armv7-m/crti.o
 .data          0x00000000        0x4 c:/program files (x86)/embitz/1.11/share/em_armgcc/bin/../lib/gcc/arm-none-eabi/5.4.1/armv7-m/crtbegin.o
 .data          0x00000000        0x0 c:/program files (x86)/embitz/1.11/share/em_armgcc/bin/../lib/gcc/arm-none-eabi/5.4.1/../../../../arm-none-eabi/lib/armv7-m/crt0.o
 .bss           0x00000000        0x0 c:/program files (x86)/embitz/1.11/share/em_armgcc/bin/../lib/gcc/arm-none-eabi/5.4.1/../../../../arm-none-eabi/lib/armv7-m/crt0.o
 .ARM.extab     0x00000000        0x0 c:/program files (x86)/embitz/1.11/share/em_armgcc/bin/../lib/gcc/arm-none-eabi/5.4.1/../../../../arm-none-eabi/lib/armv7-m/crt0.o
 .group         0x00000000        0x8 obj\debug\spl\src\misc.o
 .group         0x00000000        0x8 obj\debug\spl\src\misc.o
 .group         0x00000000        0x8 obj\debug\spl\src\misc.o
 .group         0x00000000        0x8 obj\debug\spl\src\misc.o
 .group         0x00000000        0x8 obj\debug\spl\src\misc.o
 .group         0x00000000        0x8 obj\debug\spl\src\misc.o
 .group         0x00000000        0x8 obj\debug\spl\src\misc.o
 .group         0x00000000        0x8 obj\debug\spl\src\misc.o
 .group         0x00000000        0x8 obj\debug\spl\src\misc.o
 .group         0x00000000        0x8 obj\debug\spl\src\misc.o
 .group         0x00000000        0x8 obj\debug\spl\src\misc.o
 .group         0x00000000        0x8 obj\debug\spl\src\misc.o
 .group         0x00000000        0x8 obj\debug\spl\src\misc.o
 .group         0x00000000        0x8 obj\debug\spl\src\misc.o
 .group         0x00000000        0x8 obj\debug\spl\src\misc.o
 .group         0x00000000        0x8 obj\debug\spl\src\misc.o
 .group         0x00000000        0x8 obj\debug\spl\src\misc.o
 .group         0x00000000        0x8 obj\debug\spl\src\misc.o
 .group         0x00000000        0x8 obj\debug\spl\src\misc.o
 .group         0x00000000        0x8 obj\debug\spl\src\misc.o
 .group         0x00000000        0x8 obj\debug\spl\src\misc.o
 .group         0x00000000        0x8 obj\debug\spl\src\misc.o
 .group         0x00000000        0x8 obj\debug\spl\src\misc.o
 .group         0x00000000        0x8 obj\debug\spl\src\misc.o
 .group         0x00000000        0x8 obj\debug\spl\src\misc.o
 .group         0x00000000        0x8 obj\debug\spl\src\misc.o
 .group         0x00000000        0x8 obj\debug\spl\src\misc.o
 .group         0x00000000        0x8 obj\debug\spl\src\misc.o
 .group         0x00000000        0x8 obj\debug\spl\src\misc.o
 .group         0x00000000        0x8 obj\debug\spl\src\misc.o
 .group         0x00000000        0x8 obj\debug\spl\src\misc.o
 .group         0x00000000        0x8 obj\debug\spl\src\misc.o
 .group         0x00000000        0x8 obj\debug\spl\src\misc.o
 .group         0x00000000        0x8 obj\debug\spl\src\misc.o
[...]
Memory Configuration

Name             Origin             Length             Attributes
ROM              0x08000000         0x00010000         xr
RAM              0x20000000         0x00005000         xrw
*default*        0x00000000         0xffffffff

Linker script and memory map

LOAD c:/program files (x86)/embitz/1.11/share/em_armgcc/bin/../lib/gcc/arm-none-eabi/5.4.1/armv7-m/crti.o
LOAD c:/program files (x86)/embitz/1.11/share/em_armgcc/bin/../lib/gcc/arm-none-eabi/5.4.1/armv7-m/crtbegin.o
LOAD c:/program files (x86)/embitz/1.11/share/em_armgcc/bin/../lib/gcc/arm-none-eabi/5.4.1/../../../../arm-none-eabi/lib/armv7-m/crt0.o
                0x00000000                __HEAP_SIZE = 0x0
                0x00000100                __STACK_SIZE = 0x100

.text           0x08000000     0x149c
 *(.isr_vector)
 .isr_vector    0x08000000       0xec obj\debug\src\startup_stm32f10x_md.o
                0x08000000                __isr_vector
 *(.text*)
 .text          0x080000ec       0x5c c:/program files (x86)/embitz/1.11/share/em_armgcc/bin/../lib/gcc/arm-none-eabi/5.4.1/armv7-m/crtbegin.o
 .text          0x08000148       0x74 c:/program files (x86)/embitz/1.11/share/em_armgcc/bin/../lib/gcc/arm-none-eabi/5.4.1/../../../../arm-none-eabi/lib/armv7-m/crt0.o
                0x08000148                _start
                0x08000148                _mainCRTStartup
 .text.NVIC_Init
                0x080001bc       0xc4 obj\debug\spl\src\misc.o
                0x080001bc                NVIC_Init
 .text.GPIO_Init
                0x08000280      0x178 obj\debug\spl\src\stm32f10x_gpio.o
                0x08000280                GPIO_Init
 .text.GPIO_ReadOutputDataBit
                0x080003f8       0x34 obj\debug\spl\src\stm32f10x_gpio.o
                0x080003f8                GPIO_ReadOutputDataBit
 .text.GPIO_SetBits
                0x0800042c       0x1c obj\debug\spl\src\stm32f10x_gpio.o
                0x0800042c                GPIO_SetBits
 .text.GPIO_ResetBits
                0x08000448       0x1c obj\debug\spl\src\stm32f10x_gpio.o
                0x08000448                GPIO_ResetBits
 .text.RCC_PLLConfig
                0x08000464       0x3c obj\debug\spl\src\stm32f10x_rcc.o
                0x08000464                RCC_PLLConfig
 .text.RCC_PLLCmd
                0x080004a0       0x20 obj\debug\spl\src\stm32f10x_rcc.o
                0x080004a0                RCC_PLLCmd
 .text.RCC_SYSCLKConfig
                0x080004c0       0x38 obj\debug\spl\src\stm32f10x_rcc.o
                0x080004c0                RCC_SYSCLKConfig
 .text.RCC_HCLKConfig
                0x080004f8       0x38 obj\debug\spl\src\stm32f10x_rcc.o
                0x080004f8                RCC_HCLKConfig
 .text.RCC_PCLK1Config
                0x08000530       0x38 obj\debug\spl\src\stm32f10x_rcc.o
                0x08000530                RCC_PCLK1Config
 .text.RCC_PCLK2Config
                0x08000568       0x38 obj\debug\spl\src\stm32f10x_rcc.o
                0x08000568                RCC_PCLK2Config
 .text.RCC_GetClocksFreq
                0x080005a0      0x160 obj\debug\spl\src\stm32f10x_rcc.o
                0x080005a0                RCC_GetClocksFreq
 .text.RCC_APB2PeriphClockCmd
                0x08000700       0x3c obj\debug\spl\src\stm32f10x_rcc.o
                0x08000700                RCC_APB2PeriphClockCmd
 .text.RCC_APB1PeriphClockCmd
                0x0800073c       0x3c obj\debug\spl\src\stm32f10x_rcc.o
                0x0800073c                RCC_APB1PeriphClockCmd
 .text.RCC_GetFlagStatus
                0x08000778       0x74 obj\debug\spl\src\stm32f10x_rcc.o
                0x08000778                RCC_GetFlagStatus
 .text.TIM_TimeBaseInit
                0x080007ec       0xf8 obj\debug\spl\src\stm32f10x_tim.o
                0x080007ec                TIM_TimeBaseInit
 .text.TIM_OC1Init
                0x080008e4      0x118 obj\debug\spl\src\stm32f10x_tim.o
                0x080008e4                TIM_OC1Init
 .text.TIM_TimeBaseStructInit
                0x080009fc       0x34 obj\debug\spl\src\stm32f10x_tim.o
                0x080009fc                TIM_TimeBaseStructInit
 .text.TIM_OCStructInit
                0x08000a30       0x44 obj\debug\spl\src\stm32f10x_tim.o
                0x08000a30                TIM_OCStructInit
 .text.TIM_Cmd  0x08000a74       0x40 obj\debug\spl\src\stm32f10x_tim.o
                0x08000a74                TIM_Cmd
 .text.TIM_ITConfig
                0x08000ab4       0x48 obj\debug\spl\src\stm32f10x_tim.o
                0x08000ab4                TIM_ITConfig
 .text.TIM_InternalClockConfig
                0x08000afc       0x24 obj\debug\spl\src\stm32f10x_tim.o
                0x08000afc                TIM_InternalClockConfig
 .text.TIM_OC1PreloadConfig
                0x08000b20       0x38 obj\debug\spl\src\stm32f10x_tim.o
                0x08000b20                TIM_OC1PreloadConfig
 .text.TIM_GetITStatus
                0x08000b58       0x54 obj\debug\spl\src\stm32f10x_tim.o
                0x08000b58                TIM_GetITStatus
 .text.TIM_ClearITPendingBit
                0x08000bac       0x20 obj\debug\spl\src\stm32f10x_tim.o
                0x08000bac                TIM_ClearITPendingBit
 .text.USART_Init
                0x08000bcc      0x174 obj\debug\spl\src\stm32f10x_usart.o
                0x08000bcc                USART_Init
 .text.USART_StructInit
                0x08000d40       0x38 obj\debug\spl\src\stm32f10x_usart.o
                0x08000d40                USART_StructInit
 .text.USART_Cmd
                0x08000d78       0x40 obj\debug\spl\src\stm32f10x_usart.o
                0x08000d78                USART_Cmd
 .text.USART_SendData
                0x08000db8       0x24 obj\debug\spl\src\stm32f10x_usart.o
                0x08000db8                USART_SendData
 .text.USART_GetFlagStatus
                0x08000ddc       0x38 obj\debug\spl\src\stm32f10x_usart.o
                0x08000ddc                USART_GetFlagStatus
 .text.main     0x08000e14       0x84 obj\debug\src\main.o
                0x08000e14                main
 .text.Sysclk_56M
                0x08000e98       0x50 obj\debug\src\main.o
                0x08000e98                Sysclk_56M
 .text.LED_Init_tarjeta
                0x08000ee8       0x3c obj\debug\src\main.o
                0x08000ee8                LED_Init_tarjeta
 .text.apagar_led
                0x08000f24       0x18 obj\debug\src\main.o
                0x08000f24                apagar_led
 .text.encender_led
                0x08000f3c       0x18 obj\debug\src\main.o
                0x08000f3c                encender_led
 .text.leer_led
                0x08000f54       0x18 obj\debug\src\main.o
                0x08000f54                leer_led
 .text.Tim3Init
                0x08000f6c       0x80 obj\debug\src\main.o
                0x08000f6c                Tim3Init
 .text.get_timer_clock_frequency
                0x08000fec       0x30 obj\debug\src\main.o
                0x08000fec                get_timer_clock_frequency
 .text.UART_Init
                0x0800101c       0x74 obj\debug\src\main.o
                0x0800101c                UART_Init
 .text.UART_numero
                0x08001090       0xf4 obj\debug\src\main.o
                0x08001090                UART_numero
 .text.TIM2_IRQHandler
                0x08001184       0x38 obj\debug\src\main.o
                0x08001184                TIM2_IRQHandler
 .text          0x080011bc       0xb8 obj\debug\src\startup_stm32f10x_md.o
                0x080011bc                Reset_Handler
                0x08001202                NMI_Handler
                0x08001204                HardFault_Handler
                0x08001206                MemManage_Handler
                0x08001208                BusFault_Handler
                0x0800120a                UsageFault_Handler
                0x0800120c                SVC_Handler
                0x0800120e                DebugMon_Handler
                0x08001210                PendSV_Handler
                0x08001212                SysTick_Handler
                0x08001214                Default_Handler
                0x08001216                WWDG_IRQHandler
                0x08001218                PVD_IRQHandler
                0x0800121a                TAMPER_IRQHandler
                0x0800121c                RTC_IRQHandler
                0x0800121e                FLASH_IRQHandler
                0x08001220                RCC_IRQHandler
                0x08001222                EXTI0_IRQHandler
                0x08001224                EXTI1_IRQHandler
                0x08001226                EXTI2_IRQHandler
                0x08001228                EXTI3_IRQHandler
                0x0800122a                EXTI4_IRQHandler
                0x0800122c                DMA1_Channel1_IRQHandler
                0x0800122e                DMA1_Channel2_IRQHandler
                0x08001230                DMA1_Channel3_IRQHandler
                0x08001232                DMA1_Channel4_IRQHandler
                0x08001234                DMA1_Channel5_IRQHandler
                0x08001236                DMA1_Channel6_IRQHandler
                0x08001238                DMA1_Channel7_IRQHandler
                0x0800123a                ADC1_2_IRQHandler
                0x0800123c                USB_HP_CAN1_TX_IRQHandler
                0x0800123e                USB_LP_CAN1_RX0_IRQHandler
                0x08001240                CAN1_RX1_IRQHandler
                0x08001242                CAN1_SCE_IRQHandler
                0x08001244                EXTI9_5_IRQHandler
                0x08001246                TIM1_BRK_IRQHandler
                0x08001248                TIM1_UP_IRQHandler
                0x0800124a                TIM1_TRG_COM_IRQHandler
                0x0800124c                TIM1_CC_IRQHandler
                0x08001250                TIM3_IRQHandler
                0x08001252                TIM4_IRQHandler
                0x08001254                I2C1_EV_IRQHandler
                0x08001256                I2C1_ER_IRQHandler
                0x08001258                I2C2_EV_IRQHandler
                0x0800125a                I2C2_ER_IRQHandler
                0x0800125c                SPI1_IRQHandler
                0x0800125e                SPI2_IRQHandler
                0x08001260                USART1_IRQHandler
                0x08001262                USART2_IRQHandler
                0x08001264                USART3_IRQHandler
                0x08001266                EXTI15_10_IRQHandler
                0x08001268                RTCAlarm_IRQHandler
                0x0800126a                USBWakeUp_IRQHandler
 .text.SystemInit
                0x08001274       0x68 obj\debug\src\system_stm32f10x.o
                0x08001274                SystemInit
 .text.SetSysClock
                0x080012dc        0xc obj\debug\src\system_stm32f10x.o
 .text.SetSysClockTo72
                0x080012e8      0x100 obj\debug\src\system_stm32f10x.o
 .text.exit     0x080013e8       0x28 c:/program files (x86)/embitz/1.11/share/em_armgcc/bin/../lib/gcc/arm-none-eabi/5.4.1/../../../../arm-none-eabi/lib/armv7-m\libg_n.a(lib_a-exit.o)
                0x080013e8                exit
 .text.__libc_init_array
                0x08001410       0x4c c:/program files (x86)/embitz/1.11/share/em_armgcc/bin/../lib/gcc/arm-none-eabi/5.4.1/../../../../arm-none-eabi/lib/armv7-m\libg_n.a(lib_a-init.o)
                0x08001410                __libc_init_array
 .text.memset   0x0800145c       0x10 c:/program files (x86)/embitz/1.11/share/em_armgcc/bin/../lib/gcc/arm-none-eabi/5.4.1/../../../../arm-none-eabi/lib/armv7-m\libg_n.a(lib_a-memset.o)
                0x0800145c                memset
 .text._exit    0x0800146c        0x2 c:/program files (x86)/embitz/1.11/share/em_armgcc/bin/../lib/gcc/arm-none-eabi/5.4.1/../../../../arm-none-eabi/lib/armv7-m\libnosys_s.a(_exit.o)
                0x0800146c                _exit
 *(.init)
 *fill*         0x0800146e        0x2 
 .init          0x08001470        0x4 c:/program files (x86)/embitz/1.11/share/em_armgcc/bin/../lib/gcc/arm-none-eabi/5.4.1/armv7-m/crti.o
                0x08001470                _init
 .init          0x08001474        0x8 c:/program files (x86)/embitz/1.11/share/em_armgcc/bin/../lib/gcc/arm-none-eabi/5.4.1/armv7-m/crtn.o
 *(.fini)
 .fini          0x0800147c        0x4 c:/program files (x86)/embitz/1.11/share/em_armgcc/bin/../lib/gcc/arm-none-eabi/5.4.1/armv7-m/crti.o
                0x0800147c                _fini
 .fini          0x08001480        0x8 c:/program files (x86)/embitz/1.11/share/em_armgcc/bin/../lib/gcc/arm-none-eabi/5.4.1/armv7-m/crtn.o
 *crtbegin.o(.ctors)
 *crtbegin?.o(.ctors)
 *(EXCLUDE_FILE(*crtend.o *crtend?.o) .ctors)
 *(SORT(.ctors.*))
 *(.ctors)
 *crtbegin.o(.dtors)
 *crtbegin?.o(.dtors)
 *(EXCLUDE_FILE(*crtend.o *crtend?.o) .dtors)
 *(SORT(.dtors.*))
 *(.dtors)
 *(.rodata*)
 .rodata        0x08001488        0xa obj\debug\src\main.o
 .rodata.str1.1
                0x08001492        0x2 c:/program files (x86)/embitz/1.11/share/em_armgcc/bin/../lib/gcc/arm-none-eabi/5.4.1/../../../../arm-none-eabi/lib/armv7-m\libg_n.a(lib_a-impure.o)
 .rodata._global_impure_ptr
                0x08001494        0x4 c:/program files (x86)/embitz/1.11/share/em_armgcc/bin/../lib/gcc/arm-none-eabi/5.4.1/../../../../arm-none-eabi/lib/armv7-m\libg_n.a(lib_a-impure.o)
                0x08001494                _global_impure_ptr
 *(.eh_frame*)
 .eh_frame      0x08001498        0x0 c:/program files (x86)/embitz/1.11/share/em_armgcc/bin/../lib/gcc/arm-none-eabi/5.4.1/armv7-m/crtbegin.o
 .eh_frame      0x08001498        0x4 c:/program files (x86)/embitz/1.11/share/em_armgcc/bin/../lib/gcc/arm-none-eabi/5.4.1/armv7-m/crtend.o

.glue_7         0x0800149c        0x0
 .glue_7        0x0800149c        0x0 linker stubs

.glue_7t        0x0800149c        0x0
 .glue_7t       0x0800149c        0x0 linker stubs

.vfp11_veneer   0x0800149c        0x0
 .vfp11_veneer  0x0800149c        0x0 linker stubs

.v4_bx          0x0800149c        0x0
 .v4_bx         0x0800149c        0x0 linker stubs

.iplt           0x0800149c        0x0
 .iplt          0x0800149c        0x0 c:/program files (x86)/embitz/1.11/share/em_armgcc/bin/../lib/gcc/arm-none-eabi/5.4.1/armv7-m/crtbegin.o

.ARM.extab
 *(.ARM.extab* .gnu.linkonce.armextab.*)
                0x0800149c                __exidx_start = .

.ARM.exidx      0x0800149c        0x8
 *(.ARM.exidx* .gnu.linkonce.armexidx.*)
 .ARM.exidx     0x0800149c        0x8 c:/program files (x86)/embitz/1.11/share/em_armgcc/bin/../lib/gcc/arm-none-eabi/5.4.1/../../../../arm-none-eabi/lib/armv7-m/crt0.o
                0x080014a4                __exidx_end = .
                0x080014a4                __etext = .

.rel.dyn        0x080014a4        0x0
 .rel.iplt      0x080014a4        0x0 c:/program files (x86)/embitz/1.11/share/em_armgcc/bin/../lib/gcc/arm-none-eabi/5.4.1/armv7-m/crtbegin.o

.data           0x20000000       0x7c load address 0x080014a4
                0x20000000                __data_start__ = .
 *(vtable)
 *(.data*)
 .data.APBAHBPrescTable
                0x20000000       0x10 obj\debug\spl\src\stm32f10x_rcc.o
 .data.ADCPrescTable
                0x20000010        0x4 obj\debug\spl\src\stm32f10x_rcc.o
 .data.impure_data
                0x20000014       0x60 c:/program files (x86)/embitz/1.11/share/em_armgcc/bin/../lib/gcc/arm-none-eabi/5.4.1/../../../../arm-none-eabi/lib/armv7-m\libg_n.a(lib_a-impure.o)
                0x20000074                . = ALIGN (0x4)
                0x20000074                PROVIDE (__preinit_array_start, .)
 *(.preinit_array)
                0x20000074                PROVIDE (__preinit_array_end, .)
                0x20000074                . = ALIGN (0x4)
                0x20000074                PROVIDE (__init_array_start, .)
 *(SORT(.init_array.*))
 *(.init_array)
 .init_array    0x20000074        0x4 c:/program files (x86)/embitz/1.11/share/em_armgcc/bin/../lib/gcc/arm-none-eabi/5.4.1/armv7-m/crtbegin.o
                0x20000078                PROVIDE (__init_array_end, .)
                0x20000078                . = ALIGN (0x4)
                [!provide]                PROVIDE (__fini_array_start, .)
 *(SORT(.fini_array.*))
 *(.fini_array)
 .fini_array    0x20000078        0x4 c:/program files (x86)/embitz/1.11/share/em_armgcc/bin/../lib/gcc/arm-none-eabi/5.4.1/armv7-m/crtbegin.o
                [!provide]                PROVIDE (__fini_array_end, .)
                0x2000007c                . = ALIGN (0x4)
                0x2000007c                __data_end__ = .

.jcr            0x2000007c        0x0 load address 0x08001520
 .jcr           0x2000007c        0x0 c:/program files (x86)/embitz/1.11/share/em_armgcc/bin/../lib/gcc/arm-none-eabi/5.4.1/armv7-m/crtbegin.o

.igot.plt       0x2000007c        0x0 load address 0x08001520
 .igot.plt      0x2000007c        0x0 c:/program files (x86)/embitz/1.11/share/em_armgcc/bin/../lib/gcc/arm-none-eabi/5.4.1/armv7-m/crtbegin.o

.bss            0x2000007c       0x1c load address 0x08001520
                0x2000007c                __bss_start__ = .
 *(.bss*)
 .bss           0x2000007c       0x1c c:/program files (x86)/embitz/1.11/share/em_armgcc/bin/../lib/gcc/arm-none-eabi/5.4.1/armv7-m/crtbegin.o
 *(COMMON)
                0x20000098                __bss_end__ = .

.heap           0x20000098        0x0
                0x20000098                __end__ = .
                0x20000098                end = __end__
 *(.heap*)
 .heap          0x20000098        0x0 obj\debug\src\startup_stm32f10x_md.o
                0x20000098                __HeapLimit = .

.stack_dummy    0x20000098      0x100
 *(.stack)
 .stack         0x20000098      0x100 obj\debug\src\startup_stm32f10x_md.o
                0x20005000                __StackTop = (ORIGIN (RAM) + LENGTH (RAM))
                0x20004f00                __StackLimit = (__StackTop - SIZEOF (.stack_dummy))
                0x20005000                PROVIDE (__stack, __StackTop)
                0x00000001                ASSERT ((__StackLimit >= __HeapLimit), region RAM overflowed with stack)
LOAD obj\debug\spl\src\misc.o
LOAD obj\debug\spl\src\stm32f10x_adc.o
LOAD obj\debug\spl\src\stm32f10x_bkp.o
LOAD obj\debug\spl\src\stm32f10x_can.o
LOAD obj\debug\spl\src\stm32f10x_cec.o
LOAD obj\debug\spl\src\stm32f10x_crc.o
LOAD obj\debug\spl\src\stm32f10x_dac.o
LOAD obj\debug\spl\src\stm32f10x_dbgmcu.o
LOAD obj\debug\spl\src\stm32f10x_dma.o
LOAD obj\debug\spl\src\stm32f10x_exti.o
LOAD obj\debug\spl\src\stm32f10x_flash.o
LOAD obj\debug\spl\src\stm32f10x_fsmc.o
LOAD obj\debug\spl\src\stm32f10x_gpio.o
LOAD obj\debug\spl\src\stm32f10x_i2c.o
LOAD obj\debug\spl\src\stm32f10x_iwdg.o
LOAD obj\debug\spl\src\stm32f10x_pwr.o
LOAD obj\debug\spl\src\stm32f10x_rcc.o
LOAD obj\debug\spl\src\stm32f10x_rtc.o
LOAD obj\debug\spl\src\stm32f10x_sdio.o
LOAD obj\debug\spl\src\stm32f10x_spi.o
LOAD obj\debug\spl\src\stm32f10x_tim.o
LOAD obj\debug\spl\src\stm32f10x_usart.o
LOAD obj\debug\spl\src\stm32f10x_wwdg.o
LOAD obj\debug\src\main.o
LOAD obj\debug\src\startup_stm32f10x_md.o
LOAD obj\debug\src\system_stm32f10x.o
START GROUP
LOAD c:/program files (x86)/embitz/1.11/share/em_armgcc/bin/../lib/gcc/arm-none-eabi/5.4.1/armv7-m\libgcc.a
LOAD c:/program files (x86)/embitz/1.11/share/em_armgcc/bin/../lib/gcc/arm-none-eabi/5.4.1/../../../../arm-none-eabi/lib/armv7-m\libg_n.a
LOAD c:/program files (x86)/embitz/1.11/share/em_armgcc/bin/../lib/gcc/arm-none-eabi/5.4.1/../../../../arm-none-eabi/lib/armv7-m\libc_n.a
END GROUP
START GROUP
LOAD c:/program files (x86)/embitz/1.11/share/em_armgcc/bin/../lib/gcc/arm-none-eabi/5.4.1/armv7-m\libgcc.a
LOAD c:/program files (x86)/embitz/1.11/share/em_armgcc/bin/../lib/gcc/arm-none-eabi/5.4.1/../../../../arm-none-eabi/lib/armv7-m\libc_n.a
LOAD c:/program files (x86)/embitz/1.11/share/em_armgcc/bin/../lib/gcc/arm-none-eabi/5.4.1/../../../../arm-none-eabi/lib/armv7-m\libnosys_s.a
END GROUP
LOAD c:/program files (x86)/embitz/1.11/share/em_armgcc/bin/../lib/gcc/arm-none-eabi/5.4.1/armv7-m/crtend.o
LOAD c:/program files (x86)/embitz/1.11/share/em_armgcc/bin/../lib/gcc/arm-none-eabi/5.4.1/armv7-m/crtn.o
OUTPUT(bin\Debug\Tim3_OC.elf elf32-littlearm)

.ARM.attributes
                0x00000000       0x29
 .ARM.attributes
                0x00000000       0x1d c:/program files (x86)/embitz/1.11/share/em_armgcc/bin/../lib/gcc/arm-none-eabi/5.4.1/armv7-m/crti.o
 .ARM.attributes
                0x0000001d       0x2d c:/program files (x86)/embitz/1.11/share/em_armgcc/bin/../lib/gcc/arm-none-eabi/5.4.1/armv7-m/crtbegin.o
 .ARM.attributes
                0x0000004a       0x1b c:/program files (x86)/embitz/1.11/share/em_armgcc/bin/../lib/gcc/arm-none-eabi/5.4.1/../../../../arm-none-eabi/lib/armv7-m/crt0.o
 .ARM.attributes
                0x00000065       0x33 obj\debug\spl\src\misc.o
 .ARM.attributes
                0x00000098       0x33 obj\debug\spl\src\stm32f10x_gpio.o
 .ARM.attributes
                0x000000cb       0x33 obj\debug\spl\src\stm32f10x_rcc.o
 .ARM.attributes
                0x000000fe       0x33 obj\debug\spl\src\stm32f10x_tim.o
 .ARM.attributes
                0x00000131       0x33 obj\debug\spl\src\stm32f10x_usart.o
 .ARM.attributes
                0x00000164       0x33 obj\debug\src\main.o
 .ARM.attributes
                0x00000197       0x1b obj\debug\src\startup_stm32f10x_md.o
 .ARM.attributes
                0x000001b2       0x33 obj\debug\src\system_stm32f10x.o
 .ARM.attributes
                0x000001e5       0x2d c:/program files (x86)/embitz/1.11/share/em_armgcc/bin/../lib/gcc/arm-none-eabi/5.4.1/../../../../arm-none-eabi/lib/armv7-m\libg_n.a(lib_a-exit.o)
 .ARM.attributes
                0x00000212       0x2d c:/program files (x86)/embitz/1.11/share/em_armgcc/bin/../lib/gcc/arm-none-eabi/5.4.1/../../../../arm-none-eabi/lib/armv7-m\libg_n.a(lib_a-impure.o)
 .ARM.attributes
                0x0000023f       0x2d c:/program files (x86)/embitz/1.11/share/em_armgcc/bin/../lib/gcc/arm-none-eabi/5.4.1/../../../../arm-none-eabi/lib/armv7-m\libg_n.a(lib_a-init.o)
 .ARM.attributes
                0x0000026c       0x2d c:/program files (x86)/embitz/1.11/share/em_armgcc/bin/../lib/gcc/arm-none-eabi/5.4.1/../../../../arm-none-eabi/lib/armv7-m\libg_n.a(lib_a-memset.o)
 .ARM.attributes
                0x00000299       0x2d c:/program files (x86)/embitz/1.11/share/em_armgcc/bin/../lib/gcc/arm-none-eabi/5.4.1/../../../../arm-none-eabi/lib/armv7-m\libnosys_s.a(_exit.o)
 .ARM.attributes
                0x000002c6       0x2d c:/program files (x86)/embitz/1.11/share/em_armgcc/bin/../lib/gcc/arm-none-eabi/5.4.1/armv7-m/crtend.o
 .ARM.attributes
                0x000002f3       0x1d c:/program files (x86)/embitz/1.11/share/em_armgcc/bin/../lib/gcc/arm-none-eabi/5.4.1/armv7-m/crtn.o

.comment        0x00000000       0x6e
 .comment       0x00000000       0x6e obj\debug\spl\src\misc.o
                                 0x6f (size before relaxing)
 .comment       0x0000006e       0x6f obj\debug\spl\src\stm32f10x_gpio.o
 .comment       0x0000006e       0x6f obj\debug\spl\src\stm32f10x_rcc.o
 .comment       0x0000006e       0x6f obj\debug\spl\src\stm32f10x_tim.o
 .comment       0x0000006e       0x6f obj\debug\spl\src\stm32f10x_usart.o
 .comment       0x0000006e       0x6f obj\debug\src\main.o
 .comment       0x0000006e       0x6f obj\debug\src\system_stm32f10x.o

.debug_info     0x00000000     0x4a66
 .debug_info    0x00000000      0x55e obj\debug\spl\src\misc.o
 .debug_info    0x0000055e      0x6fe obj\debug\spl\src\stm32f10x_gpio.o
 .debug_info    0x00000c5c      0x8ab obj\debug\spl\src\stm32f10x_rcc.o
 .debug_info    0x00001507     0x1c68 obj\debug\spl\src\stm32f10x_tim.o
 .debug_info    0x0000316f      0x9f8 obj\debug\spl\src\stm32f10x_usart.o
 .debug_info    0x00003b67      0x9f3 obj\debug\src\main.o
 .debug_info    0x0000455a       0x68 obj\debug\src\startup_stm32f10x_md.o
 .debug_info    0x000045c2      0x4a4 obj\debug\src\system_stm32f10x.o

.debug_abbrev   0x00000000      0xb1d
 .debug_abbrev  0x00000000      0x14c obj\debug\spl\src\misc.o
 .debug_abbrev  0x0000014c      0x1d1 obj\debug\spl\src\stm32f10x_gpio.o
 .debug_abbrev  0x0000031d      0x1c1 obj\debug\spl\src\stm32f10x_rcc.o
 .debug_abbrev  0x000004de      0x1b7 obj\debug\spl\src\stm32f10x_tim.o
 .debug_abbrev  0x00000695      0x169 obj\debug\spl\src\stm32f10x_usart.o
 .debug_abbrev  0x000007fe      0x1b8 obj\debug\src\main.o
 .debug_abbrev  0x000009b6       0x14 obj\debug\src\startup_stm32f10x_md.o
 .debug_abbrev  0x000009ca      0x153 obj\debug\src\system_stm32f10x.o

.debug_aranges  0x00000000      0x6b8
 .debug_aranges
                0x00000000       0x40 obj\debug\spl\src\misc.o
 .debug_aranges
                0x00000040       0xa8 obj\debug\spl\src\stm32f10x_gpio.o
 .debug_aranges
                0x000000e8      0x118 obj\debug\spl\src\stm32f10x_rcc.o
 .debug_aranges
                0x00000200      0x2f0 obj\debug\spl\src\stm32f10x_tim.o
 .debug_aranges
                0x000004f0      0x100 obj\debug\spl\src\stm32f10x_usart.o
 .debug_aranges
                0x000005f0       0x70 obj\debug\src\main.o
 .debug_aranges
                0x00000660       0x20 obj\debug\src\startup_stm32f10x_md.o
 .debug_aranges
                0x00000680       0x38 obj\debug\src\system_stm32f10x.o

.debug_ranges   0x00000000      0x628
 .debug_ranges  0x00000000       0x30 obj\debug\spl\src\misc.o
 .debug_ranges  0x00000030       0x98 obj\debug\spl\src\stm32f10x_gpio.o
 .debug_ranges  0x000000c8      0x108 obj\debug\spl\src\stm32f10x_rcc.o
 .debug_ranges  0x000001d0      0x2e0 obj\debug\spl\src\stm32f10x_tim.o
 .debug_ranges  0x000004b0       0xf0 obj\debug\spl\src\stm32f10x_usart.o
 .debug_ranges  0x000005a0       0x60 obj\debug\src\main.o
 .debug_ranges  0x00000600       0x28 obj\debug\src\system_stm32f10x.o

.debug_macro    0x00000000     0xe25f
 .debug_macro   0x00000000      0x19e obj\debug\spl\src\misc.o
 .debug_macro   0x0000019e      0x886 obj\debug\spl\src\misc.o
 .debug_macro   0x00000a24       0x5d obj\debug\spl\src\misc.o
 .debug_macro   0x00000a81       0x3a obj\debug\spl\src\misc.o
 .debug_macro   0x00000abb       0x22 obj\debug\spl\src\misc.o
 .debug_macro   0x00000add       0x87 obj\debug\spl\src\misc.o
 .debug_macro   0x00000b64       0x44 obj\debug\spl\src\misc.o
 .debug_macro   0x00000ba8       0xfd obj\debug\spl\src\misc.o
 .debug_macro   0x00000ca5       0x5e obj\debug\spl\src\misc.o
 .debug_macro   0x00000d03      0x1df obj\debug\spl\src\misc.o
 .debug_macro   0x00000ee2       0x18 obj\debug\spl\src\misc.o
 .debug_macro   0x00000efa      0xa36 obj\debug\spl\src\misc.o
 .debug_macro   0x00001930     0x7eb3 obj\debug\spl\src\misc.o
 .debug_macro   0x000097e3      0x2df obj\debug\spl\src\misc.o
 .debug_macro   0x00009ac2      0x144 obj\debug\spl\src\misc.o
 .debug_macro   0x00009c06      0x3cf obj\debug\spl\src\misc.o
 .debug_macro   0x00009fd5       0xc8 obj\debug\spl\src\misc.o
 .debug_macro   0x0000a09d      0x17a obj\debug\spl\src\misc.o
 .debug_macro   0x0000a217       0xac obj\debug\spl\src\misc.o
 .debug_macro   0x0000a2c3      0x3ad obj\debug\spl\src\misc.o
 .debug_macro   0x0000a670       0x9a obj\debug\spl\src\misc.o
 .debug_macro   0x0000a70a      0x2cf obj\debug\spl\src\misc.o
 .debug_macro   0x0000a9d9      0x279 obj\debug\spl\src\misc.o
 .debug_macro   0x0000ac52      0x2ac obj\debug\spl\src\misc.o
 .debug_macro   0x0000aefe      0x2b1 obj\debug\spl\src\misc.o
 .debug_macro   0x0000b1af       0x64 obj\debug\spl\src\misc.o
 .debug_macro   0x0000b213       0x82 obj\debug\spl\src\misc.o
 .debug_macro   0x0000b295      0x3e2 obj\debug\spl\src\misc.o
 .debug_macro   0x0000b677       0x58 obj\debug\spl\src\misc.o
 .debug_macro   0x0000b6cf      0x341 obj\debug\spl\src\misc.o
 .debug_macro   0x0000ba10      0x2c4 obj\debug\spl\src\misc.o
 .debug_macro   0x0000bcd4      0x711 obj\debug\spl\src\misc.o
 .debug_macro   0x0000c3e5      0x220 obj\debug\spl\src\misc.o
 .debug_macro   0x0000c605       0x34 obj\debug\spl\src\misc.o
 .debug_macro   0x0000c639       0x35 obj\debug\spl\src\misc.o
 .debug_macro   0x0000c66e       0x85 obj\debug\spl\src\misc.o
 .debug_macro   0x0000c6f3      0x1e6 obj\debug\spl\src\stm32f10x_gpio.o
 .debug_macro   0x0000c8d9      0x2a6 obj\debug\spl\src\stm32f10x_gpio.o
 .debug_macro   0x0000cb7f      0x2b4 obj\debug\spl\src\stm32f10x_rcc.o
 .debug_macro   0x0000ce33      0x3dc obj\debug\spl\src\stm32f10x_rcc.o
 .debug_macro   0x0000d20f      0x1b0 obj\debug\spl\src\stm32f10x_tim.o
 .debug_macro   0x0000d3bf      0x70b obj\debug\spl\src\stm32f10x_tim.o
 .debug_macro   0x0000daca      0x24c obj\debug\spl\src\stm32f10x_usart.o
 .debug_macro   0x0000dd16      0x21a obj\debug\spl\src\stm32f10x_usart.o
 .debug_macro   0x0000df30      0x194 obj\debug\src\main.o
 .debug_macro   0x0000e0c4      0x19b obj\debug\src\system_stm32f10x.o

.debug_line     0x00000000     0x30ab
 .debug_line    0x00000000      0x482 obj\debug\spl\src\misc.o
 .debug_line    0x00000482      0x605 obj\debug\spl\src\stm32f10x_gpio.o
 .debug_line    0x00000a87      0x701 obj\debug\spl\src\stm32f10x_rcc.o
 .debug_line    0x00001188      0xd86 obj\debug\spl\src\stm32f10x_tim.o
 .debug_line    0x00001f0e      0x6d3 obj\debug\spl\src\stm32f10x_usart.o
 .debug_line    0x000025e1      0x559 obj\debug\src\main.o
 .debug_line    0x00002b3a       0xa8 obj\debug\src\startup_stm32f10x_md.o
 .debug_line    0x00002be2      0x4c9 obj\debug\src\system_stm32f10x.o

.debug_str      0x00000000    0x5107c
 .debug_str     0x00000000    0x4e71d obj\debug\spl\src\misc.o
                              0x4e891 (size before relaxing)
 .debug_str     0x0004e71d      0x5b0 obj\debug\spl\src\stm32f10x_gpio.o
                              0x4ec03 (size before relaxing)
 .debug_str     0x0004eccd      0xb49 obj\debug\spl\src\stm32f10x_rcc.o
                              0x4f1e9 (size before relaxing)
 .debug_str     0x0004f816      0xc05 obj\debug\spl\src\stm32f10x_tim.o
                              0x4f307 (size before relaxing)
 .debug_str     0x0005041b      0x7e0 obj\debug\spl\src\stm32f10x_usart.o
                              0x4ef13 (size before relaxing)
 .debug_str     0x00050bfb      0x3ca obj\debug\src\main.o
                              0x4eece (size before relaxing)
 .debug_str     0x00050fc5       0xb7 obj\debug\src\system_stm32f10x.o
                              0x4e7c4 (size before relaxing)

.debug_frame    0x00000000     0x1df4
 .debug_frame   0x00000000       0xd8 obj\debug\spl\src\misc.o
 .debug_frame   0x000000d8      0x2d0 obj\debug\spl\src\stm32f10x_gpio.o
 .debug_frame   0x000003a8      0x4f4 obj\debug\spl\src\stm32f10x_rcc.o
 .debug_frame   0x0000089c      0xe2c obj\debug\spl\src\stm32f10x_tim.o
 .debug_frame   0x000016c8      0x490 obj\debug\spl\src\stm32f10x_usart.o
 .debug_frame   0x00001b58      0x170 obj\debug\src\main.o
 .debug_frame   0x00001cc8       0x98 obj\debug\src\system_stm32f10x.o
 .debug_frame   0x00001d60       0x28 c:/program files (x86)/embitz/1.11/share/em_armgcc/bin/../lib/gcc/arm-none-eabi/5.4.1/../../../../arm-none-eabi/lib/armv7-m\libg_n.a(lib_a-exit.o)
 .debug_frame   0x00001d88       0x2c c:/program files (x86)/embitz/1.11/share/em_armgcc/bin/../lib/gcc/arm-none-eabi/5.4.1/../../../../arm-none-eabi/lib/armv7-m\libg_n.a(lib_a-init.o)
 .debug_frame   0x00001db4       0x20 c:/program files (x86)/embitz/1.11/share/em_armgcc/bin/../lib/gcc/arm-none-eabi/5.4.1/../../../../arm-none-eabi/lib/armv7-m\libg_n.a(lib_a-memset.o)
 .debug_frame   0x00001dd4       0x20 c:/program files (x86)/embitz/1.11/share/em_armgcc/bin/../lib/gcc/arm-none-eabi/5.4.1/../../../../arm-none-eabi/lib/armv7-m\libnosys_s.a(_exit.o)
