Archive member included to satisfy reference by file (symbol)

c:/program files (x86)/embitz/1.11/share/em_armgcc/bin/../lib/gcc/arm-none-eabi/5.4.1/armv7-m\libgcc.a(_arm_addsubdf3.o)
                              obj\debug\src\main.o (__aeabi_dsub)
c:/program files (x86)/embitz/1.11/share/em_armgcc/bin/../lib/gcc/arm-none-eabi/5.4.1/armv7-m\libgcc.a(_arm_muldivdf3.o)
                              obj\debug\src\main.o (__aeabi_dmul)
c:/program files (x86)/embitz/1.11/share/em_armgcc/bin/../lib/gcc/arm-none-eabi/5.4.1/armv7-m\libgcc.a(_arm_fixunsdfsi.o)
                              obj\debug\src\main.o (__aeabi_d2uiz)
c:/program files (x86)/embitz/1.11/share/em_armgcc/bin/../lib/gcc/arm-none-eabi/5.4.1/armv7-m\libgcc.a(_arm_truncdfsf2.o)
                              obj\debug\src\main.o (__aeabi_d2f)
c:/program files (x86)/embitz/1.11/share/em_armgcc/bin/../lib/gcc/arm-none-eabi/5.4.1/armv7-m\libgcc.a(_arm_addsubsf3.o)
                              obj\debug\src\main.o (__aeabi_ui2f)
c:/program files (x86)/embitz/1.11/share/em_armgcc/bin/../lib/gcc/arm-none-eabi/5.4.1/armv7-m\libgcc.a(_arm_muldivsf3.o)
                              obj\debug\src\main.o (__aeabi_fdiv)
c:/program files (x86)/embitz/1.11/share/em_armgcc/bin/../lib/gcc/arm-none-eabi/5.4.1/armv7-m\libgcc.a(_arm_fixsfsi.o)
                              obj\debug\src\main.o (__aeabi_f2iz)
c:/program files (x86)/embitz/1.11/share/em_armgcc/bin/../lib/gcc/arm-none-eabi/5.4.1/../../../../arm-none-eabi/lib/armv7-m\libg_n.a(lib_a-exit.o)
                              c:/program files (x86)/embitz/1.11/share/em_armgcc/bin/../lib/gcc/arm-none-eabi/5.4.1/../../../../arm-none-eabi/lib/armv7-m/crt0.o (exit)
c:/program files (x86)/embitz/1.11/share/em_armgcc/bin/../lib/gcc/arm-none-eabi/5.4.1/../../../../arm-none-eabi/lib/armv7-m\libg_n.a(lib_a-impure.o)
                              c:/program files (x86)/embitz/1.11/share/em_armgcc/bin/../lib/gcc/arm-none-eabi/5.4.1/../../../../arm-none-eabi/lib/armv7-m\libg_n.a(lib_a-exit.o) (_global_impure_ptr)
c:/program files (x86)/embitz/1.11/share/em_armgcc/bin/../lib/gcc/arm-none-eabi/5.4.1/../../../../arm-none-eabi/lib/armv7-m\libg_n.a(lib_a-init.o)
                              c:/program files (x86)/embitz/1.11/share/em_armgcc/bin/../lib/gcc/arm-none-eabi/5.4.1/../../../../arm-none-eabi/lib/armv7-m/crt0.o (__libc_init_array)
c:/program files (x86)/embitz/1.11/share/em_armgcc/bin/../lib/gcc/arm-none-eabi/5.4.1/../../../../arm-none-eabi/lib/armv7-m\libg_n.a(lib_a-memset.o)
                              c:/program files (x86)/embitz/1.11/share/em_armgcc/bin/../lib/gcc/arm-none-eabi/5.4.1/../../../../arm-none-eabi/lib/armv7-m/crt0.o (memset)
c:/program files (x86)/embitz/1.11/share/em_armgcc/bin/../lib/gcc/arm-none-eabi/5.4.1/../../../../arm-none-eabi/lib/armv7-m\libnosys_s.a(_exit.o)
                              c:/program files (x86)/embitz/1.11/share/em_armgcc/bin/../lib/gcc/arm-none-eabi/5.4.1/../../../../arm-none-eabi/lib/armv7-m\libg_n.a(lib_a-exit.o) (_exit)

Allocating common symbols
Common symbol       size              file

_TVOC               0x2               obj\debug\src\main.o
_tempOffset         0x4               obj\debug\src\main.o
_i2caddr            0x1               obj\debug\src\main.o
m_conversionDelay   0x1               obj\debug\src\main.o
m_i2cAddress        0x1               obj\debug\src\main.o
m_bitShift          0x1               obj\debug\src\main.o
_error_id           0x1               obj\debug\src\main.o
_eCO2               0x2               obj\debug\src\main.o
_status             0x1               obj\debug\src\main.o
_meas_mode          0x1               obj\debug\src\main.o
m_gain              0x2               obj\debug\src\main.o

Discarded input sections

 .text          0x00000000        0x0 c:/program files (x86)/embitz/1.11/share/em_armgcc/bin/../lib/gcc/arm-none-eabi/5.4.1/armv7-m/crti.o
 .data          0x00000000        0x0 c:/program files (x86)/embitz/1.11/share/em_armgcc/bin/../lib/gcc/arm-none-eabi/5.4.1/armv7-m/crti.o
 .bss           0x00000000        0x0 c:/program files (x86)/embitz/1.11/share/em_armgcc/bin/../lib/gcc/arm-none-eabi/5.4.1/armv7-m/crti.o
 .data          0x00000000        0x4 c:/program files (x86)/embitz/1.11/share/em_armgcc/bin/../lib/gcc/arm-none-eabi/5.4.1/armv7-m/crtbegin.o
 .data          0x00000000        0x0 c:/program files (x86)/embitz/1.11/share/em_armgcc/bin/../lib/gcc/arm-none-eabi/5.4.1/../../../../arm-none-eabi/lib/armv7-m/crt0.o
 .bss           0x00000000        0x0 c:/program files (x86)/embitz/1.11/share/em_armgcc/bin/../lib/gcc/arm-none-eabi/5.4.1/../../../../arm-none-eabi/lib/armv7-m/crt0.o
 .ARM.extab     0x00000000        0x0 c:/program files (x86)/embitz/1.11/share/em_armgcc/bin/../lib/gcc/arm-none-eabi/5.4.1/../../../../arm-none-eabi/lib/armv7-m/crt0.o
 .group         0x00000000        0x8 obj\debug\spl\src\misc.o
 .group         0x00000000        0x8 obj\debug\spl\src\misc.o
[...]
Memory Configuration

Name             Origin             Length             Attributes
ROM              0x08000000         0x00010000         xr
RAM              0x20000000         0x00005000         xrw
*default*        0x00000000         0xffffffff

Linker script and memory map

LOAD c:/program files (x86)/embitz/1.11/share/em_armgcc/bin/../lib/gcc/arm-none-eabi/5.4.1/armv7-m/crti.o
LOAD c:/program files (x86)/embitz/1.11/share/em_armgcc/bin/../lib/gcc/arm-none-eabi/5.4.1/armv7-m/crtbegin.o
LOAD c:/program files (x86)/embitz/1.11/share/em_armgcc/bin/../lib/gcc/arm-none-eabi/5.4.1/../../../../arm-none-eabi/lib/armv7-m/crt0.o
                0x00000000                __HEAP_SIZE = 0x0
                0x00000100                __STACK_SIZE = 0x100

.text           0x08000000     0x19ec
 *(.isr_vector)
 .isr_vector    0x08000000       0xec obj\debug\src\startup_stm32f10x_md.o
                0x08000000                __isr_vector
 *(.text*)
 .text          0x080000ec       0x5c c:/program files (x86)/embitz/1.11/share/em_armgcc/bin/../lib/gcc/arm-none-eabi/5.4.1/armv7-m/crtbegin.o
 .text          0x08000148       0x74 c:/program files (x86)/embitz/1.11/share/em_armgcc/bin/../lib/gcc/arm-none-eabi/5.4.1/../../../../arm-none-eabi/lib/armv7-m/crt0.o
                0x08000148                _start
                0x08000148                _mainCRTStartup
 .text.GPIO_Init
                0x080001bc      0x178 obj\debug\spl\src\stm32f10x_gpio.o
                0x080001bc                GPIO_Init
 .text.I2C_Init
                0x08000334      0x184 obj\debug\spl\src\stm32f10x_i2c.o
                0x08000334                I2C_Init
 .text.I2C_Cmd  0x080004b8       0x40 obj\debug\spl\src\stm32f10x_i2c.o
                0x080004b8                I2C_Cmd
 .text.I2C_GenerateSTART
                0x080004f8       0x40 obj\debug\spl\src\stm32f10x_i2c.o
                0x080004f8                I2C_GenerateSTART
 .text.I2C_GenerateSTOP
                0x08000538       0x40 obj\debug\spl\src\stm32f10x_i2c.o
                0x08000538                I2C_GenerateSTOP
 .text.I2C_AcknowledgeConfig
                0x08000578       0x40 obj\debug\spl\src\stm32f10x_i2c.o
                0x08000578                I2C_AcknowledgeConfig
 .text.I2C_SendData
                0x080005b8       0x20 obj\debug\spl\src\stm32f10x_i2c.o
                0x080005b8                I2C_SendData
 .text.I2C_ReceiveData
                0x080005d8       0x1c obj\debug\spl\src\stm32f10x_i2c.o
                0x080005d8                I2C_ReceiveData
 .text.I2C_Send7bitAddress
                0x080005f4       0x3c obj\debug\spl\src\stm32f10x_i2c.o
                0x080005f4                I2C_Send7bitAddress
 .text.I2C_CheckEvent
                0x08000630       0x60 obj\debug\spl\src\stm32f10x_i2c.o
                0x08000630                I2C_CheckEvent
 .text.I2C_GetFlagStatus
                0x08000690       0x64 obj\debug\spl\src\stm32f10x_i2c.o
                0x08000690                I2C_GetFlagStatus
 .text.RCC_GetClocksFreq
                0x080006f4      0x160 obj\debug\spl\src\stm32f10x_rcc.o
                0x080006f4                RCC_GetClocksFreq
 .text.RCC_APB2PeriphClockCmd
                0x08000854       0x3c obj\debug\spl\src\stm32f10x_rcc.o
                0x08000854                RCC_APB2PeriphClockCmd
 .text.RCC_APB1PeriphClockCmd
                0x08000890       0x3c obj\debug\spl\src\stm32f10x_rcc.o
                0x08000890                RCC_APB1PeriphClockCmd
 .text.USART_Init
                0x080008cc      0x174 obj\debug\spl\src\stm32f10x_usart.o
                0x080008cc                USART_Init
 .text.USART_StructInit
                0x08000a40       0x38 obj\debug\spl\src\stm32f10x_usart.o
                0x08000a40                USART_StructInit
 .text.USART_Cmd
                0x08000a78       0x40 obj\debug\spl\src\stm32f10x_usart.o
                0x08000a78                USART_Cmd
 .text.USART_SendData
                0x08000ab8       0x24 obj\debug\spl\src\stm32f10x_usart.o
                0x08000ab8                USART_SendData
 .text.USART_GetFlagStatus
                0x08000adc       0x38 obj\debug\spl\src\stm32f10x_usart.o
                0x08000adc                USART_GetFlagStatus
 .text.main     0x08000b14      0x150 obj\debug\src\main.o
                0x08000b14                main
 .text.ADS1115_start
                0x08000c64       0x34 obj\debug\src\main.o
                0x08000c64                ADS1115_start
 .text.setGain  0x08000c98       0x20 obj\debug\src\main.o
                0x08000c98                setGain
 .text.readADC_SingleEnded
                0x08000cb8       0xc0 obj\debug\src\main.o
                0x08000cb8                readADC_SingleEnded
 .text.getTVOC  0x08000d78       0x14 obj\debug\src\main.o
                0x08000d78                getTVOC
 .text.geteCO2  0x08000d8c       0x14 obj\debug\src\main.o
                0x08000d8c                geteCO2
 .text.ccs811begin
                0x08000da0       0x90 obj\debug\src\main.o
                0x08000da0                ccs811begin
 .text.setDriveMode
                0x08000e30       0x40 obj\debug\src\main.o
                0x08000e30                setDriveMode
 .text.disableInterrupt
                0x08000e70       0x30 obj\debug\src\main.o
                0x08000e70                disableInterrupt
 .text.meas_mode_get
                0x08000ea0       0x44 obj\debug\src\main.o
                0x08000ea0                meas_mode_get
 .text.available
                0x08000ee4       0x38 obj\debug\src\main.o
                0x08000ee4                available
 .text.readData
                0x08000f1c       0x78 obj\debug\src\main.o
                0x08000f1c                readData
 .text.SWReset  0x08000f94       0x2c obj\debug\src\main.o
                0x08000f94                SWReset
 .text.checkError
                0x08000fc0       0x30 obj\debug\src\main.o
                0x08000fc0                checkError
 .text.status_set
                0x08000ff0       0x6c obj\debug\src\main.o
                0x08000ff0                status_set
 .text.delay    0x0800105c       0x34 obj\debug\src\main.o
                0x0800105c                delay
 .text.write8   0x08001090       0x30 obj\debug\src\main.o
                0x08001090                write8
 .text.read8    0x080010c0       0x28 obj\debug\src\main.o
                0x080010c0                read8
 .text.read     0x080010e8       0x80 obj\debug\src\main.o
                0x080010e8                read
 .text.write    0x08001168       0x5c obj\debug\src\main.o
                0x08001168                write
 .text.i2c_start
                0x080011c4       0x3c obj\debug\src\main.o
                0x080011c4                i2c_start
 .text.i2c_stop
                0x08001200       0x28 obj\debug\src\main.o
                0x08001200                i2c_stop
 .text.i2c_address_direction
                0x08001228       0x60 obj\debug\src\main.o
                0x08001228                i2c_address_direction
 .text.i2c_transmit
                0x08001288       0x34 obj\debug\src\main.o
                0x08001288                i2c_transmit
 .text.i2c_receive_ack
                0x080012bc       0x30 obj\debug\src\main.o
                0x080012bc                i2c_receive_ack
 .text.i2c_receive_nack
                0x080012ec       0x30 obj\debug\src\main.o
                0x080012ec                i2c_receive_nack
 .text.configuracion_i2c2
                0x0800131c       0x78 obj\debug\src\main.o
                0x0800131c                configuracion_i2c2
 .text.writeRegister
                0x08001394       0x4c obj\debug\src\main.o
                0x08001394                writeRegister
 .text.readRegister
                0x080013e0       0x60 obj\debug\src\main.o
                0x080013e0                readRegister
 .text.UART_Init
                0x08001440       0x74 obj\debug\src\main.o
                0x08001440                UART_Init
 .text.UART_numero
                0x080014b4      0x10c obj\debug\src\main.o
                0x080014b4                UART_numero
 .text.UART_mensaje
                0x080015c0       0x68 obj\debug\src\main.o
                0x080015c0                UART_mensaje
 .text          0x08001628       0xb8 obj\debug\src\startup_stm32f10x_md.o
                0x08001628                Reset_Handler
                0x0800166e                NMI_Handler
                0x08001670                HardFault_Handler
                0x08001672                MemManage_Handler
                0x08001674                BusFault_Handler
                0x08001676                UsageFault_Handler
                0x08001678                SVC_Handler
                0x0800167a                DebugMon_Handler
                0x0800167c                PendSV_Handler
                0x0800167e                SysTick_Handler
                0x08001680                Default_Handler
                0x08001682                WWDG_IRQHandler
                0x08001684                PVD_IRQHandler
                0x08001686                TAMPER_IRQHandler
                0x08001688                RTC_IRQHandler
                0x0800168a                FLASH_IRQHandler
                0x0800168c                RCC_IRQHandler
                0x0800168e                EXTI0_IRQHandler
                0x08001690                EXTI1_IRQHandler
                0x08001692                EXTI2_IRQHandler
                0x08001694                EXTI3_IRQHandler
                0x08001696                EXTI4_IRQHandler
                0x08001698                DMA1_Channel1_IRQHandler
                0x0800169a                DMA1_Channel2_IRQHandler
                0x0800169c                DMA1_Channel3_IRQHandler
                0x0800169e                DMA1_Channel4_IRQHandler
                0x080016a0                DMA1_Channel5_IRQHandler
                0x080016a2                DMA1_Channel6_IRQHandler
                0x080016a4                DMA1_Channel7_IRQHandler
                0x080016a6                ADC1_2_IRQHandler
                0x080016a8                USB_HP_CAN1_TX_IRQHandler
                0x080016aa                USB_LP_CAN1_RX0_IRQHandler
                0x080016ac                CAN1_RX1_IRQHandler
                0x080016ae                CAN1_SCE_IRQHandler
                0x080016b0                EXTI9_5_IRQHandler
                0x080016b2                TIM1_BRK_IRQHandler
                0x080016b4                TIM1_UP_IRQHandler
                0x080016b6                TIM1_TRG_COM_IRQHandler
                0x080016b8                TIM1_CC_IRQHandler
                0x080016ba                TIM2_IRQHandler
                0x080016bc                TIM3_IRQHandler
                0x080016be                TIM4_IRQHandler
                0x080016c0                I2C1_EV_IRQHandler
                0x080016c2                I2C1_ER_IRQHandler
                0x080016c4                I2C2_EV_IRQHandler
                0x080016c6                I2C2_ER_IRQHandler
                0x080016c8                SPI1_IRQHandler
                0x080016ca                SPI2_IRQHandler
                0x080016cc                USART1_IRQHandler
                0x080016ce                USART2_IRQHandler
                0x080016d0                USART3_IRQHandler
                0x080016d2                EXTI15_10_IRQHandler
                0x080016d4                RTCAlarm_IRQHandler
                0x080016d6                USBWakeUp_IRQHandler
 .text.SystemInit
                0x080016e0       0x68 obj\debug\src\system_stm32f10x.o
                0x080016e0                SystemInit
 .text.SetSysClock
                0x08001748        0xc obj\debug\src\system_stm32f10x.o
 .text.SetSysClockTo72
                0x08001754      0x100 obj\debug\src\system_stm32f10x.o
 .text.exit     0x08001854       0x28 c:/program files (x86)/embitz/1.11/share/em_armgcc/bin/../lib/gcc/arm-none-eabi/5.4.1/../../../../arm-none-eabi/lib/armv7-m\libg_n.a(lib_a-exit.o)
                0x08001854                exit
 .text.__libc_init_array
                0x0800187c       0x4c c:/program files (x86)/embitz/1.11/share/em_armgcc/bin/../lib/gcc/arm-none-eabi/5.4.1/../../../../arm-none-eabi/lib/armv7-m\libg_n.a(lib_a-init.o)
                0x0800187c                __libc_init_array
 .text.memset   0x080018c8       0x10 c:/program files (x86)/embitz/1.11/share/em_armgcc/bin/../lib/gcc/arm-none-eabi/5.4.1/../../../../arm-none-eabi/lib/armv7-m\libg_n.a(lib_a-memset.o)
                0x080018c8                memset
 .text._exit    0x080018d8        0x2 c:/program files (x86)/embitz/1.11/share/em_armgcc/bin/../lib/gcc/arm-none-eabi/5.4.1/../../../../arm-none-eabi/lib/armv7-m\libnosys_s.a(_exit.o)
                0x080018d8                _exit
 *(.init)
 *fill*         0x080018da        0x2 
 .init          0x080018dc        0x4 c:/program files (x86)/embitz/1.11/share/em_armgcc/bin/../lib/gcc/arm-none-eabi/5.4.1/armv7-m/crti.o
                0x080018dc                _init
 .init          0x080018e0        0x8 c:/program files (x86)/embitz/1.11/share/em_armgcc/bin/../lib/gcc/arm-none-eabi/5.4.1/armv7-m/crtn.o
 *(.fini)
 .fini          0x080018e8        0x4 c:/program files (x86)/embitz/1.11/share/em_armgcc/bin/../lib/gcc/arm-none-eabi/5.4.1/armv7-m/crti.o
                0x080018e8                _fini
 .fini          0x080018ec        0x8 c:/program files (x86)/embitz/1.11/share/em_armgcc/bin/../lib/gcc/arm-none-eabi/5.4.1/armv7-m/crtn.o
 *crtbegin.o(.ctors)
 *crtbegin?.o(.ctors)
 *(EXCLUDE_FILE(*crtend.o *crtend?.o) .ctors)
 *(SORT(.ctors.*))
 *(.ctors)
 *crtbegin.o(.dtors)
 *crtbegin?.o(.dtors)
 *(EXCLUDE_FILE(*crtend.o *crtend?.o) .dtors)
 *(SORT(.dtors.*))
 *(.dtors)
 *(.rodata*)
 .rodata        0x080018f4       0xec obj\debug\src\main.o
 .rodata.str1.1
                0x080019e0        0x2 c:/program files (x86)/embitz/1.11/share/em_armgcc/bin/../lib/gcc/arm-none-eabi/5.4.1/../../../../arm-none-eabi/lib/armv7-m\libg_n.a(lib_a-impure.o)
 *fill*         0x080019e2        0x2 
 .rodata._global_impure_ptr
                0x080019e4        0x4 c:/program files (x86)/embitz/1.11/share/em_armgcc/bin/../lib/gcc/arm-none-eabi/5.4.1/../../../../arm-none-eabi/lib/armv7-m\libg_n.a(lib_a-impure.o)
                0x080019e4                _global_impure_ptr
 *(.eh_frame*)
 .eh_frame      0x080019e8        0x0 c:/program files (x86)/embitz/1.11/share/em_armgcc/bin/../lib/gcc/arm-none-eabi/5.4.1/armv7-m/crtbegin.o
 .eh_frame      0x080019e8        0x4 c:/program files (x86)/embitz/1.11/share/em_armgcc/bin/../lib/gcc/arm-none-eabi/5.4.1/armv7-m/crtend.o

.glue_7         0x080019ec        0x0
 .glue_7        0x080019ec        0x0 linker stubs

.glue_7t        0x080019ec        0x0
 .glue_7t       0x080019ec        0x0 linker stubs

.vfp11_veneer   0x080019ec        0x0
 .vfp11_veneer  0x080019ec        0x0 linker stubs

.v4_bx          0x080019ec        0x0
 .v4_bx         0x080019ec        0x0 linker stubs

.iplt           0x080019ec        0x0
 .iplt          0x080019ec        0x0 c:/program files (x86)/embitz/1.11/share/em_armgcc/bin/../lib/gcc/arm-none-eabi/5.4.1/armv7-m/crtbegin.o

.ARM.extab
 *(.ARM.extab* .gnu.linkonce.armextab.*)
                0x080019ec                __exidx_start = .

.ARM.exidx      0x080019ec        0x8
 *(.ARM.exidx* .gnu.linkonce.armexidx.*)
 .ARM.exidx     0x080019ec        0x8 c:/program files (x86)/embitz/1.11/share/em_armgcc/bin/../lib/gcc/arm-none-eabi/5.4.1/../../../../arm-none-eabi/lib/armv7-m/crt0.o
                0x080019f4                __exidx_end = .
                0x080019f4                __etext = .

.rel.dyn        0x080019f4        0x0
 .rel.iplt      0x080019f4        0x0 c:/program files (x86)/embitz/1.11/share/em_armgcc/bin/../lib/gcc/arm-none-eabi/5.4.1/armv7-m/crtbegin.o

.data           0x20000000       0x7c load address 0x080019f4
                0x20000000                __data_start__ = .
 *(vtable)
 *(.data*)
 .data.APBAHBPrescTable
                0x20000000       0x10 obj\debug\spl\src\stm32f10x_rcc.o
 .data.ADCPrescTable
                0x20000010        0x4 obj\debug\spl\src\stm32f10x_rcc.o
 .data.impure_data
                0x20000014       0x60 c:/program files (x86)/embitz/1.11/share/em_armgcc/bin/../lib/gcc/arm-none-eabi/5.4.1/../../../../arm-none-eabi/lib/armv7-m\libg_n.a(lib_a-impure.o)
                0x20000074                . = ALIGN (0x4)
                0x20000074                PROVIDE (__preinit_array_start, .)
 *(.preinit_array)
                0x20000074                PROVIDE (__preinit_array_end, .)
                0x20000074                . = ALIGN (0x4)
                0x20000074                PROVIDE (__init_array_start, .)
 *(SORT(.init_array.*))
 *(.init_array)
 .init_array    0x20000074        0x4 c:/program files (x86)/embitz/1.11/share/em_armgcc/bin/../lib/gcc/arm-none-eabi/5.4.1/armv7-m/crtbegin.o
                0x20000078                PROVIDE (__init_array_end, .)
                0x20000078                . = ALIGN (0x4)
                [!provide]                PROVIDE (__fini_array_start, .)
 *(SORT(.fini_array.*))
 *(.fini_array)
 .fini_array    0x20000078        0x4 c:/program files (x86)/embitz/1.11/share/em_armgcc/bin/../lib/gcc/arm-none-eabi/5.4.1/armv7-m/crtbegin.o
                [!provide]                PROVIDE (__fini_array_end, .)
                0x2000007c                . = ALIGN (0x4)
                0x2000007c                __data_end__ = .

.jcr            0x2000007c        0x0 load address 0x08001a70
 .jcr           0x2000007c        0x0 c:/program files (x86)/embitz/1.11/share/em_armgcc/bin/../lib/gcc/arm-none-eabi/5.4.1/armv7-m/crtbegin.o

.igot.plt       0x2000007c        0x0 load address 0x08001a70
 .igot.plt      0x2000007c        0x0 c:/program files (x86)/embitz/1.11/share/em_armgcc/bin/../lib/gcc/arm-none-eabi/5.4.1/armv7-m/crtbegin.o

.bss            0x2000007c       0x34 load address 0x08001a70
                0x2000007c                __bss_start__ = .
 *(.bss*)
 .bss           0x2000007c       0x1c c:/program files (x86)/embitz/1.11/share/em_armgcc/bin/../lib/gcc/arm-none-eabi/5.4.1/armv7-m/crtbegin.o
 *(COMMON)
 COMMON         0x20000098       0x18 obj\debug\src\main.o
                0x20000098                _TVOC
                0x2000009c                _tempOffset
                0x200000a0                _i2caddr
                0x200000a1                m_conversionDelay
                0x200000a2                m_i2cAddress
                0x200000a3                m_bitShift
                0x200000a4                _error_id
                0x200000a6                _eCO2
                0x200000a8                _status
                0x200000ac                _meas_mode
                0x200000ae                m_gain
                0x200000b0                __bss_end__ = .

.heap           0x200000b0        0x0
                0x200000b0                __end__ = .
                0x200000b0                end = __end__
 *(.heap*)
 .heap          0x200000b0        0x0 obj\debug\src\startup_stm32f10x_md.o
                0x200000b0                __HeapLimit = .

.stack_dummy    0x200000b0      0x100
 *(.stack)
 .stack         0x200000b0      0x100 obj\debug\src\startup_stm32f10x_md.o
                0x20005000                __StackTop = (ORIGIN (RAM) + LENGTH (RAM))
                0x20004f00                __StackLimit = (__StackTop - SIZEOF (.stack_dummy))
                0x20005000                PROVIDE (__stack, __StackTop)
                0x00000001                ASSERT ((__StackLimit >= __HeapLimit), region RAM overflowed with stack)
LOAD obj\debug\spl\src\misc.o
LOAD obj\debug\spl\src\stm32f10x_adc.o
LOAD obj\debug\spl\src\stm32f10x_bkp.o
LOAD obj\debug\spl\src\stm32f10x_can.o
LOAD obj\debug\spl\src\stm32f10x_cec.o
LOAD obj\debug\spl\src\stm32f10x_crc.o
LOAD obj\debug\spl\src\stm32f10x_dac.o
LOAD obj\debug\spl\src\stm32f10x_dbgmcu.o
LOAD obj\debug\spl\src\stm32f10x_dma.o
LOAD obj\debug\spl\src\stm32f10x_exti.o
LOAD obj\debug\spl\src\stm32f10x_flash.o
LOAD obj\debug\spl\src\stm32f10x_fsmc.o
LOAD obj\debug\spl\src\stm32f10x_gpio.o
LOAD obj\debug\spl\src\stm32f10x_i2c.o
LOAD obj\debug\spl\src\stm32f10x_iwdg.o
LOAD obj\debug\spl\src\stm32f10x_pwr.o
LOAD obj\debug\spl\src\stm32f10x_rcc.o
LOAD obj\debug\spl\src\stm32f10x_rtc.o
LOAD obj\debug\spl\src\stm32f10x_sdio.o
LOAD obj\debug\spl\src\stm32f10x_spi.o
LOAD obj\debug\spl\src\stm32f10x_tim.o
LOAD obj\debug\spl\src\stm32f10x_usart.o
LOAD obj\debug\spl\src\stm32f10x_wwdg.o
LOAD obj\debug\src\main.o
LOAD obj\debug\src\startup_stm32f10x_md.o
LOAD obj\debug\src\system_stm32f10x.o
START GROUP
LOAD c:/program files (x86)/embitz/1.11/share/em_armgcc/bin/../lib/gcc/arm-none-eabi/5.4.1/armv7-m\libgcc.a
LOAD c:/program files (x86)/embitz/1.11/share/em_armgcc/bin/../lib/gcc/arm-none-eabi/5.4.1/../../../../arm-none-eabi/lib/armv7-m\libg_n.a
LOAD c:/program files (x86)/embitz/1.11/share/em_armgcc/bin/../lib/gcc/arm-none-eabi/5.4.1/../../../../arm-none-eabi/lib/armv7-m\libc_n.a
END GROUP
START GROUP
LOAD c:/program files (x86)/embitz/1.11/share/em_armgcc/bin/../lib/gcc/arm-none-eabi/5.4.1/armv7-m\libgcc.a
LOAD c:/program files (x86)/embitz/1.11/share/em_armgcc/bin/../lib/gcc/arm-none-eabi/5.4.1/../../../../arm-none-eabi/lib/armv7-m\libc_n.a
LOAD c:/program files (x86)/embitz/1.11/share/em_armgcc/bin/../lib/gcc/arm-none-eabi/5.4.1/../../../../arm-none-eabi/lib/armv7-m\libnosys_s.a
END GROUP
LOAD c:/program files (x86)/embitz/1.11/share/em_armgcc/bin/../lib/gcc/arm-none-eabi/5.4.1/armv7-m/crtend.o
LOAD c:/program files (x86)/embitz/1.11/share/em_armgcc/bin/../lib/gcc/arm-none-eabi/5.4.1/armv7-m/crtn.o
OUTPUT(bin\Debug\ads115_y_ccs811.elf elf32-littlearm)

.ARM.attributes
                0x00000000       0x29
 .ARM.attributes
                0x00000000       0x1d c:/program files (x86)/embitz/1.11/share/em_armgcc/bin/../lib/gcc/arm-none-eabi/5.4.1/armv7-m/crti.o
 .ARM.attributes
                0x0000001d       0x2d c:/program files (x86)/embitz/1.11/share/em_armgcc/bin/../lib/gcc/arm-none-eabi/5.4.1/armv7-m/crtbegin.o
 .ARM.attributes
                0x0000004a       0x1b c:/program files (x86)/embitz/1.11/share/em_armgcc/bin/../lib/gcc/arm-none-eabi/5.4.1/../../../../arm-none-eabi/lib/armv7-m/crt0.o
 .ARM.attributes
                0x00000065       0x33 obj\debug\spl\src\stm32f10x_gpio.o
 .ARM.attributes
                0x00000098       0x33 obj\debug\spl\src\stm32f10x_i2c.o
 .ARM.attributes
                0x000000cb       0x33 obj\debug\spl\src\stm32f10x_rcc.o
 .ARM.attributes
                0x000000fe       0x33 obj\debug\spl\src\stm32f10x_usart.o
 .ARM.attributes
                0x00000131       0x33 obj\debug\src\main.o
 .ARM.attributes
                0x00000164       0x1b obj\debug\src\startup_stm32f10x_md.o
 .ARM.attributes
                0x0000017f       0x33 obj\debug\src\system_stm32f10x.o
 .ARM.attributes
                0x000001b2       0x2d c:/program files (x86)/embitz/1.11/share/em_armgcc/bin/../lib/gcc/arm-none-eabi/5.4.1/../../../../arm-none-eabi/lib/armv7-m\libg_n.a(lib_a-exit.o)
 .ARM.attributes
                0x000001df       0x2d c:/program files (x86)/embitz/1.11/share/em_armgcc/bin/../lib/gcc/arm-none-eabi/5.4.1/../../../../arm-none-eabi/lib/armv7-m\libg_n.a(lib_a-impure.o)
 .ARM.attributes
                0x0000020c       0x2d c:/program files (x86)/embitz/1.11/share/em_armgcc/bin/../lib/gcc/arm-none-eabi/5.4.1/../../../../arm-none-eabi/lib/armv7-m\libg_n.a(lib_a-init.o)
 .ARM.attributes
                0x00000239       0x2d c:/program files (x86)/embitz/1.11/share/em_armgcc/bin/../lib/gcc/arm-none-eabi/5.4.1/../../../../arm-none-eabi/lib/armv7-m\libg_n.a(lib_a-memset.o)
 .ARM.attributes
                0x00000266       0x2d c:/program files (x86)/embitz/1.11/share/em_armgcc/bin/../lib/gcc/arm-none-eabi/5.4.1/../../../../arm-none-eabi/lib/armv7-m\libnosys_s.a(_exit.o)
 .ARM.attributes
                0x00000293       0x2d c:/program files (x86)/embitz/1.11/share/em_armgcc/bin/../lib/gcc/arm-none-eabi/5.4.1/armv7-m/crtend.o
 .ARM.attributes
                0x000002c0       0x1d c:/program files (x86)/embitz/1.11/share/em_armgcc/bin/../lib/gcc/arm-none-eabi/5.4.1/armv7-m/crtn.o

.comment        0x00000000       0x6e
 .comment       0x00000000       0x6e obj\debug\spl\src\stm32f10x_gpio.o
                                 0x6f (size before relaxing)
 .comment       0x0000006e       0x6f obj\debug\spl\src\stm32f10x_i2c.o
 .comment       0x0000006e       0x6f obj\debug\spl\src\stm32f10x_rcc.o
 .comment       0x0000006e       0x6f obj\debug\spl\src\stm32f10x_usart.o
 .comment       0x0000006e       0x6f obj\debug\src\main.o
 .comment       0x0000006e       0x6f obj\debug\src\system_stm32f10x.o

.debug_info     0x00000000     0x3b23
 .debug_info    0x00000000      0x6fe obj\debug\spl\src\stm32f10x_gpio.o
 .debug_info    0x000006fe      0xb14 obj\debug\spl\src\stm32f10x_i2c.o
 .debug_info    0x00001212      0x8ab obj\debug\spl\src\stm32f10x_rcc.o
 .debug_info    0x00001abd      0x9f8 obj\debug\spl\src\stm32f10x_usart.o
 .debug_info    0x000024b5     0x115a obj\debug\src\main.o
 .debug_info    0x0000360f       0x70 obj\debug\src\startup_stm32f10x_md.o
 .debug_info    0x0000367f      0x4a4 obj\debug\src\system_stm32f10x.o

.debug_abbrev   0x00000000      0xa70
 .debug_abbrev  0x00000000      0x1d1 obj\debug\spl\src\stm32f10x_gpio.o
 .debug_abbrev  0x000001d1      0x16b obj\debug\spl\src\stm32f10x_i2c.o
 .debug_abbrev  0x0000033c      0x1c1 obj\debug\spl\src\stm32f10x_rcc.o
 .debug_abbrev  0x000004fd      0x169 obj\debug\spl\src\stm32f10x_usart.o
 .debug_abbrev  0x00000666      0x2a3 obj\debug\src\main.o
 .debug_abbrev  0x00000909       0x14 obj\debug\src\startup_stm32f10x_md.o
 .debug_abbrev  0x0000091d      0x153 obj\debug\src\system_stm32f10x.o

.debug_aranges  0x00000000      0x5b8
 .debug_aranges
                0x00000000       0xa8 obj\debug\spl\src\stm32f10x_gpio.o
 .debug_aranges
                0x000000a8      0x120 obj\debug\spl\src\stm32f10x_i2c.o
 .debug_aranges
                0x000001c8      0x118 obj\debug\spl\src\stm32f10x_rcc.o
 .debug_aranges
                0x000002e0      0x100 obj\debug\spl\src\stm32f10x_usart.o
 .debug_aranges
                0x000003e0      0x180 obj\debug\src\main.o
 .debug_aranges
                0x00000560       0x20 obj\debug\src\startup_stm32f10x_md.o
 .debug_aranges
                0x00000580       0x38 obj\debug\src\system_stm32f10x.o

.debug_ranges   0x00000000      0x538
 .debug_ranges  0x00000000       0x98 obj\debug\spl\src\stm32f10x_gpio.o
 .debug_ranges  0x00000098      0x110 obj\debug\spl\src\stm32f10x_i2c.o
 .debug_ranges  0x000001a8      0x108 obj\debug\spl\src\stm32f10x_rcc.o
 .debug_ranges  0x000002b0       0xf0 obj\debug\spl\src\stm32f10x_usart.o
 .debug_ranges  0x000003a0      0x170 obj\debug\src\main.o
 .debug_ranges  0x00000510       0x28 obj\debug\src\system_stm32f10x.o

.debug_macro    0x00000000     0x1974
 .debug_macro   0x00000000      0x1e6 obj\debug\spl\src\stm32f10x_gpio.o
 .debug_macro   0x000001e6      0x2a6 obj\debug\spl\src\stm32f10x_gpio.o
 .debug_macro   0x0000048c      0x26a obj\debug\spl\src\stm32f10x_i2c.o
 .debug_macro   0x000006f6      0x2ab obj\debug\spl\src\stm32f10x_i2c.o
 .debug_macro   0x000009a1      0x2b4 obj\debug\spl\src\stm32f10x_rcc.o
 .debug_macro   0x00000c55      0x3dc obj\debug\spl\src\stm32f10x_rcc.o
 .debug_macro   0x00001031      0x24c obj\debug\spl\src\stm32f10x_usart.o
 .debug_macro   0x0000127d      0x21a obj\debug\spl\src\stm32f10x_usart.o
 .debug_macro   0x00001497      0x342 obj\debug\src\main.o
 .debug_macro   0x000017d9      0x19b obj\debug\src\system_stm32f10x.o

.debug_line     0x00000000     0x295e
 .debug_line    0x00000000      0x605 obj\debug\spl\src\stm32f10x_gpio.o
 .debug_line    0x00000605      0x708 obj\debug\spl\src\stm32f10x_i2c.o
 .debug_line    0x00000d0d      0x701 obj\debug\spl\src\stm32f10x_rcc.o
 .debug_line    0x0000140e      0x6d3 obj\debug\spl\src\stm32f10x_usart.o
 .debug_line    0x00001ae1      0x90c obj\debug\src\main.o
 .debug_line    0x000023ed       0xa8 obj\debug\src\startup_stm32f10x_md.o
 .debug_line    0x00002495      0x4c9 obj\debug\src\system_stm32f10x.o

.debug_str      0x00000000    0x517df
 .debug_str     0x00000000    0x4ea8e obj\debug\spl\src\stm32f10x_gpio.o
                              0x4ec0b (size before relaxing)
 .debug_str     0x0004ea8e      0x902 obj\debug\spl\src\stm32f10x_i2c.o
                              0x4efad (size before relaxing)
 .debug_str     0x0004f390      0xad2 obj\debug\spl\src\stm32f10x_rcc.o
                              0x4f1f1 (size before relaxing)
 .debug_str     0x0004fe62      0x7e0 obj\debug\spl\src\stm32f10x_usart.o
                              0x4ef1b (size before relaxing)
 .debug_str     0x00050642     0x1092 obj\debug\src\main.o
                              0x4f9b0 (size before relaxing)
 .debug_str     0x000516d4      0x10b obj\debug\src\system_stm32f10x.o
                              0x4e7cc (size before relaxing)

.debug_frame    0x00000000     0x18f4
 .debug_frame   0x00000000      0x2d0 obj\debug\spl\src\stm32f10x_gpio.o
 .debug_frame   0x000002d0      0x530 obj\debug\spl\src\stm32f10x_i2c.o
 .debug_frame   0x00000800      0x4f4 obj\debug\spl\src\stm32f10x_rcc.o
 .debug_frame   0x00000cf4      0x490 obj\debug\spl\src\stm32f10x_usart.o
 .debug_frame   0x00001184      0x644 obj\debug\src\main.o
 .debug_frame   0x000017c8       0x98 obj\debug\src\system_stm32f10x.o
 .debug_frame   0x00001860       0x28 c:/program files (x86)/embitz/1.11/share/em_armgcc/bin/../lib/gcc/arm-none-eabi/5.4.1/../../../../arm-none-eabi/lib/armv7-m\libg_n.a(lib_a-exit.o)
 .debug_frame   0x00001888       0x2c c:/program files (x86)/embitz/1.11/share/em_armgcc/bin/../lib/gcc/arm-none-eabi/5.4.1/../../../../arm-none-eabi/lib/armv7-m\libg_n.a(lib_a-init.o)
 .debug_frame   0x000018b4       0x20 c:/program files (x86)/embitz/1.11/share/em_armgcc/bin/../lib/gcc/arm-none-eabi/5.4.1/../../../../arm-none-eabi/lib/armv7-m\libg_n.a(lib_a-memset.o)
 .debug_frame   0x000018d4       0x20 c:/program files (x86)/embitz/1.11/share/em_armgcc/bin/../lib/gcc/arm-none-eabi/5.4.1/../../../../arm-none-eabi/lib/armv7-m\libnosys_s.a(_exit.o)
