Archive member included to satisfy reference by file (symbol)

c:/program files (x86)/embitz/1.11/share/em_armgcc/bin/../lib/gcc/arm-none-eabi/5.4.1/../../../../arm-none-eabi/lib/armv7-m\libg_n.a(lib_a-exit.o)
                              c:/program files (x86)/embitz/1.11/share/em_armgcc/bin/../lib/gcc/arm-none-eabi/5.4.1/../../../../arm-none-eabi/lib/armv7-m/crt0.o (exit)
c:/program files (x86)/embitz/1.11/share/em_armgcc/bin/../lib/gcc/arm-none-eabi/5.4.1/../../../../arm-none-eabi/lib/armv7-m\libg_n.a(lib_a-impure.o)
                              c:/program files (x86)/embitz/1.11/share/em_armgcc/bin/../lib/gcc/arm-none-eabi/5.4.1/../../../../arm-none-eabi/lib/armv7-m\libg_n.a(lib_a-exit.o) (_global_impure_ptr)
c:/program files (x86)/embitz/1.11/share/em_armgcc/bin/../lib/gcc/arm-none-eabi/5.4.1/../../../../arm-none-eabi/lib/armv7-m\libg_n.a(lib_a-init.o)
                              c:/program files (x86)/embitz/1.11/share/em_armgcc/bin/../lib/gcc/arm-none-eabi/5.4.1/../../../../arm-none-eabi/lib/armv7-m/crt0.o (__libc_init_array)
c:/program files (x86)/embitz/1.11/share/em_armgcc/bin/../lib/gcc/arm-none-eabi/5.4.1/../../../../arm-none-eabi/lib/armv7-m\libg_n.a(lib_a-memset.o)
                              c:/program files (x86)/embitz/1.11/share/em_armgcc/bin/../lib/gcc/arm-none-eabi/5.4.1/../../../../arm-none-eabi/lib/armv7-m/crt0.o (memset)
c:/program files (x86)/embitz/1.11/share/em_armgcc/bin/../lib/gcc/arm-none-eabi/5.4.1/../../../../arm-none-eabi/lib/armv7-m\libnosys_s.a(_exit.o)
                              c:/program files (x86)/embitz/1.11/share/em_armgcc/bin/../lib/gcc/arm-none-eabi/5.4.1/../../../../arm-none-eabi/lib/armv7-m\libg_n.a(lib_a-exit.o) (_exit)

Allocating common symbols
Common symbol       size              file

m_conversionDelay   0x1               obj\release\src\main.o
m_i2cAddress        0x1               obj\release\src\main.o
m_bitShift          0x1               obj\release\src\main.o
m_gain              0x2               obj\release\src\main.o

Discarded input sections

 .text          0x00000000        0x0 c:/program files (x86)/embitz/1.11/share/em_armgcc/bin/../lib/gcc/arm-none-eabi/5.4.1/armv7-m/crti.o
 .data          0x00000000        0x0 c:/program files (x86)/embitz/1.11/share/em_armgcc/bin/../lib/gcc/arm-none-eabi/5.4.1/armv7-m/crti.o
 .bss           0x00000000        0x0 c:/program files (x86)/embitz/1.11/share/em_armgcc/bin/../lib/gcc/arm-none-eabi/5.4.1/armv7-m/crti.o
 .data          0x00000000        0x4 c:/program files (x86)/embitz/1.11/share/em_armgcc/bin/../lib/gcc/arm-none-eabi/5.4.1/armv7-m/crtbegin.o
 .data          0x00000000        0x0 c:/program files (x86)/embitz/1.11/share/em_armgcc/bin/../lib/gcc/arm-none-eabi/5.4.1/../../../../arm-none-eabi/lib/armv7-m/crt0.o
 .bss           0x00000000        0x0 c:/program files (x86)/embitz/1.11/share/em_armgcc/bin/../lib/gcc/arm-none-eabi/5.4.1/../../../../arm-none-eabi/lib/armv7-m/crt0.o
 .ARM.extab     0x00000000        0x0 c:/program files (x86)/embitz/1.11/share/em_armgcc/bin/../lib/gcc/arm-none-eabi/5.4.1/../../../../arm-none-eabi/lib/armv7-m/crt0.o
 .text          0x00000000        0x0 obj\release\spl\src\misc.o
 .data          0x00000000        0x0 obj\release\spl\src\misc.o
 .bss           0x00000000        0x0 obj\release\spl\src\misc.o
 .text.NVIC_PriorityGroupConfig
                0x00000000       0x14 obj\release\spl\src\misc.o
 .text.NVIC_Init
                0x00000000       0x6c obj\release\spl\src\misc.o
 .text.NVIC_SetVectorTable
                0x00000000       0x14 obj\release\spl\src\misc.o
 .text.NVIC_SystemLPConfig
                0x00000000       0x18 obj\release\spl\src\misc.o
 .text.SysTick_CLKSourceConfig
                0x00000000       0x18 obj\release\spl\src\misc.o
 .debug_info    0x00000000      0x560 obj\release\spl\src\misc.o
 .debug_abbrev  0x00000000      0x158 obj\release\spl\src\misc.o
 .debug_loc     0x00000000      0x193 obj\release\spl\src\misc.o
 .debug_aranges
                0x00000000       0x40 obj\release\spl\src\misc.o
 .debug_ranges  0x00000000       0x30 obj\release\spl\src\misc.o
 .debug_line    0x00000000      0x1ae obj\release\spl\src\misc.o
 .debug_str     0x00000000      0x401 obj\release\spl\src\misc.o
 .comment       0x00000000       0x6f obj\release\spl\src\misc.o
 .debug_frame   0x00000000       0x6c obj\release\spl\src\misc.o
 .ARM.attributes
                0x00000000       0x33 obj\release\spl\src\misc.o
 .text          0x00000000        0x0 obj\release\spl\src\stm32f10x_adc.o
 .data          0x00000000        0x0 obj\release\spl\src\stm32f10x_adc.o
 .bss           0x00000000        0x0 obj\release\spl\src\stm32f10x_adc.o
 .text.ADC_DeInit
                0x00000000       0x6c obj\release\spl\src\stm32f10x_adc.o
 .text.ADC_Init
                0x00000000       0x48 obj\release\spl\src\stm32f10x_adc.o
 .text.ADC_StructInit
                0x00000000       0x14 obj\release\spl\src\stm32f10x_adc.o
[...]
Memory Configuration

Name             Origin             Length             Attributes
ROM              0x08000000         0x00010000         xr
RAM              0x20000000         0x00005000         xrw
*default*        0x00000000         0xffffffff

Linker script and memory map

LOAD c:/program files (x86)/embitz/1.11/share/em_armgcc/bin/../lib/gcc/arm-none-eabi/5.4.1/armv7-m/crti.o
LOAD c:/program files (x86)/embitz/1.11/share/em_armgcc/bin/../lib/gcc/arm-none-eabi/5.4.1/armv7-m/crtbegin.o
LOAD c:/program files (x86)/embitz/1.11/share/em_armgcc/bin/../lib/gcc/arm-none-eabi/5.4.1/../../../../arm-none-eabi/lib/armv7-m/crt0.o
                0x00000000                __HEAP_SIZE = 0x0
                0x00000100                __STACK_SIZE = 0x100

.text           0x08000000      0xe1c
 *(.isr_vector)
 .isr_vector    0x08000000       0xec obj\release\src\startup_stm32f10x_md.o
                0x08000000                __isr_vector
 *(.text*)
 .text          0x080000ec       0x5c c:/program files (x86)/embitz/1.11/share/em_armgcc/bin/../lib/gcc/arm-none-eabi/5.4.1/armv7-m/crtbegin.o
 .text          0x08000148       0x74 c:/program files (x86)/embitz/1.11/share/em_armgcc/bin/../lib/gcc/arm-none-eabi/5.4.1/../../../../arm-none-eabi/lib/armv7-m/crt0.o
                0x08000148                _start
                0x08000148                _mainCRTStartup
 .text.GPIO_Init
                0x080001bc       0xcc obj\release\spl\src\stm32f10x_gpio.o
                0x080001bc                GPIO_Init
 .text.I2C_Init
                0x08000288       0xe4 obj\release\spl\src\stm32f10x_i2c.o
                0x08000288                I2C_Init
 .text.I2C_Cmd  0x0800036c       0x1c obj\release\spl\src\stm32f10x_i2c.o
                0x0800036c                I2C_Cmd
 .text.I2C_GenerateSTART
                0x08000388       0x1c obj\release\spl\src\stm32f10x_i2c.o
                0x08000388                I2C_GenerateSTART
 .text.I2C_GenerateSTOP
                0x080003a4       0x1c obj\release\spl\src\stm32f10x_i2c.o
                0x080003a4                I2C_GenerateSTOP
 .text.I2C_AcknowledgeConfig
                0x080003c0       0x1c obj\release\spl\src\stm32f10x_i2c.o
                0x080003c0                I2C_AcknowledgeConfig
 .text.I2C_SendData
                0x080003dc        0x4 obj\release\spl\src\stm32f10x_i2c.o
                0x080003dc                I2C_SendData
 .text.I2C_ReceiveData
                0x080003e0        0x8 obj\release\spl\src\stm32f10x_i2c.o
                0x080003e0                I2C_ReceiveData
 .text.I2C_Send7bitAddress
                0x080003e8       0x18 obj\release\spl\src\stm32f10x_i2c.o
                0x080003e8                I2C_Send7bitAddress
 .text.I2C_CheckEvent
                0x08000400       0x1c obj\release\spl\src\stm32f10x_i2c.o
                0x08000400                I2C_CheckEvent
 .text.I2C_GetFlagStatus
                0x0800041c       0x38 obj\release\spl\src\stm32f10x_i2c.o
                0x0800041c                I2C_GetFlagStatus
 .text.RCC_GetClocksFreq
                0x08000454       0x9c obj\release\spl\src\stm32f10x_rcc.o
                0x08000454                RCC_GetClocksFreq
 .text.RCC_APB2PeriphClockCmd
                0x080004f0       0x1c obj\release\spl\src\stm32f10x_rcc.o
                0x080004f0                RCC_APB2PeriphClockCmd
 .text.RCC_APB1PeriphClockCmd
                0x0800050c       0x1c obj\release\spl\src\stm32f10x_rcc.o
                0x0800050c                RCC_APB1PeriphClockCmd
 .text.USART_Init
                0x08000528       0xbc obj\release\spl\src\stm32f10x_usart.o
                0x08000528                USART_Init
 .text.USART_StructInit
                0x080005e4       0x18 obj\release\spl\src\stm32f10x_usart.o
                0x080005e4                USART_StructInit
 .text.USART_Cmd
                0x080005fc       0x1c obj\release\spl\src\stm32f10x_usart.o
                0x080005fc                USART_Cmd
 .text.USART_SendData
                0x08000618        0x8 obj\release\spl\src\stm32f10x_usart.o
                0x08000618                USART_SendData
 .text.USART_GetFlagStatus
                0x08000620        0xc obj\release\spl\src\stm32f10x_usart.o
                0x08000620                USART_GetFlagStatus
 .text.i2c_address_direction.part.0
                0x0800062c       0x18 obj\release\src\main.o
 .text.ADS1115_Restart
                0x08000644       0xa4 obj\release\src\main.o
                0x08000644                ADS1115_Restart
 .text.i2c_start
                0x080006e8       0x30 obj\release\src\main.o
                0x080006e8                i2c_start
 .text.i2c_stop
                0x08000718       0x20 obj\release\src\main.o
                0x08000718                i2c_stop
 .text.i2c_address_direction
                0x08000738       0x34 obj\release\src\main.o
                0x08000738                i2c_address_direction
 .text.i2c_transmit
                0x0800076c       0x20 obj\release\src\main.o
                0x0800076c                i2c_transmit
 .text.i2c_receive_ack
                0x0800078c       0x28 obj\release\src\main.o
                0x0800078c                i2c_receive_ack
 .text.i2c_receive_nack
                0x080007b4       0x28 obj\release\src\main.o
                0x080007b4                i2c_receive_nack
 .text.writeRegister
                0x080007dc       0x30 obj\release\src\main.o
                0x080007dc                writeRegister
 .text.readRegister
                0x0800080c       0x4c obj\release\src\main.o
                0x0800080c                readRegister
 .text.readADC_SingleEnded.part.1
                0x08000858       0x8c obj\release\src\main.o
 .text.UART_Init
                0x080008e4       0x70 obj\release\src\main.o
                0x080008e4                UART_Init
 .text.UART_numero
                0x08000954       0xc4 obj\release\src\main.o
                0x08000954                UART_numero
 .text.UART_mensaje
                0x08000a18       0x44 obj\release\src\main.o
                0x08000a18                UART_mensaje
 .text.startup.main
                0x08000a5c       0xb0 obj\release\src\main.o
                0x08000a5c                main
 .text          0x08000b0c       0xb8 obj\release\src\startup_stm32f10x_md.o
                0x08000b0c                Reset_Handler
                0x08000b52                NMI_Handler
                0x08000b54                HardFault_Handler
                0x08000b56                MemManage_Handler
                0x08000b58                BusFault_Handler
                0x08000b5a                UsageFault_Handler
                0x08000b5c                SVC_Handler
                0x08000b5e                DebugMon_Handler
                0x08000b60                PendSV_Handler
                0x08000b62                SysTick_Handler
                0x08000b64                Default_Handler
                0x08000b66                WWDG_IRQHandler
                0x08000b68                PVD_IRQHandler
                0x08000b6a                TAMPER_IRQHandler
                0x08000b6c                RTC_IRQHandler
                0x08000b6e                FLASH_IRQHandler
                0x08000b70                RCC_IRQHandler
                0x08000b72                EXTI0_IRQHandler
                0x08000b74                EXTI1_IRQHandler
                0x08000b76                EXTI2_IRQHandler
                0x08000b78                EXTI3_IRQHandler
                0x08000b7a                EXTI4_IRQHandler
                0x08000b7c                DMA1_Channel1_IRQHandler
                0x08000b7e                DMA1_Channel2_IRQHandler
                0x08000b80                DMA1_Channel3_IRQHandler
                0x08000b82                DMA1_Channel4_IRQHandler
                0x08000b84                DMA1_Channel5_IRQHandler
                0x08000b86                DMA1_Channel6_IRQHandler
                0x08000b88                DMA1_Channel7_IRQHandler
                0x08000b8a                ADC1_2_IRQHandler
                0x08000b8c                USB_HP_CAN1_TX_IRQHandler
                0x08000b8e                USB_LP_CAN1_RX0_IRQHandler
                0x08000b90                CAN1_RX1_IRQHandler
                0x08000b92                CAN1_SCE_IRQHandler
                0x08000b94                EXTI9_5_IRQHandler
                0x08000b96                TIM1_BRK_IRQHandler
                0x08000b98                TIM1_UP_IRQHandler
                0x08000b9a                TIM1_TRG_COM_IRQHandler
                0x08000b9c                TIM1_CC_IRQHandler
                0x08000b9e                TIM2_IRQHandler
                0x08000ba0                TIM3_IRQHandler
                0x08000ba2                TIM4_IRQHandler
                0x08000ba4                I2C1_EV_IRQHandler
                0x08000ba6                I2C1_ER_IRQHandler
                0x08000ba8                I2C2_EV_IRQHandler
                0x08000baa                I2C2_ER_IRQHandler
                0x08000bac                SPI1_IRQHandler
                0x08000bae                SPI2_IRQHandler
                0x08000bb0                USART1_IRQHandler
                0x08000bb2                USART2_IRQHandler
                0x08000bb4                USART3_IRQHandler
                0x08000bb6                EXTI15_10_IRQHandler
                0x08000bb8                RTCAlarm_IRQHandler
                0x08000bba                USBWakeUp_IRQHandler
 .text.SystemInit
                0x08000bc4      0x104 obj\release\src\system_stm32f10x.o
                0x08000bc4                SystemInit
 .text.exit     0x08000cc8       0x28 c:/program files (x86)/embitz/1.11/share/em_armgcc/bin/../lib/gcc/arm-none-eabi/5.4.1/../../../../arm-none-eabi/lib/armv7-m\libg_n.a(lib_a-exit.o)
                0x08000cc8                exit
 .text.__libc_init_array
                0x08000cf0       0x4c c:/program files (x86)/embitz/1.11/share/em_armgcc/bin/../lib/gcc/arm-none-eabi/5.4.1/../../../../arm-none-eabi/lib/armv7-m\libg_n.a(lib_a-init.o)
                0x08000cf0                __libc_init_array
 .text.memset   0x08000d3c       0x10 c:/program files (x86)/embitz/1.11/share/em_armgcc/bin/../lib/gcc/arm-none-eabi/5.4.1/../../../../arm-none-eabi/lib/armv7-m\libg_n.a(lib_a-memset.o)
                0x08000d3c                memset
 .text._exit    0x08000d4c        0x2 c:/program files (x86)/embitz/1.11/share/em_armgcc/bin/../lib/gcc/arm-none-eabi/5.4.1/../../../../arm-none-eabi/lib/armv7-m\libnosys_s.a(_exit.o)
                0x08000d4c                _exit
 *(.init)
 *fill*         0x08000d4e        0x2 
 .init          0x08000d50        0x4 c:/program files (x86)/embitz/1.11/share/em_armgcc/bin/../lib/gcc/arm-none-eabi/5.4.1/armv7-m/crti.o
                0x08000d50                _init
 .init          0x08000d54        0x8 c:/program files (x86)/embitz/1.11/share/em_armgcc/bin/../lib/gcc/arm-none-eabi/5.4.1/armv7-m/crtn.o
 *(.fini)
 .fini          0x08000d5c        0x4 c:/program files (x86)/embitz/1.11/share/em_armgcc/bin/../lib/gcc/arm-none-eabi/5.4.1/armv7-m/crti.o
                0x08000d5c                _fini
 .fini          0x08000d60        0x8 c:/program files (x86)/embitz/1.11/share/em_armgcc/bin/../lib/gcc/arm-none-eabi/5.4.1/armv7-m/crtn.o
 *crtbegin.o(.ctors)
 *crtbegin?.o(.ctors)
 *(EXCLUDE_FILE(*crtend.o *crtend?.o) .ctors)
 *(SORT(.ctors.*))
 *(.ctors)
 *crtbegin.o(.dtors)
 *crtbegin?.o(.dtors)
 *(EXCLUDE_FILE(*crtend.o *crtend?.o) .dtors)
 *(SORT(.dtors.*))
 *(.dtors)
 *(.rodata*)
 .rodata        0x08000d68       0x14 obj\release\src\main.o
 .rodata.str1.4
                0x08000d7c       0x94 obj\release\src\main.o
                                 0x91 (size before relaxing)
 .rodata.str1.1
                0x08000e10        0x2 c:/program files (x86)/embitz/1.11/share/em_armgcc/bin/../lib/gcc/arm-none-eabi/5.4.1/../../../../arm-none-eabi/lib/armv7-m\libg_n.a(lib_a-impure.o)
 *fill*         0x08000e12        0x2 
 .rodata._global_impure_ptr
                0x08000e14        0x4 c:/program files (x86)/embitz/1.11/share/em_armgcc/bin/../lib/gcc/arm-none-eabi/5.4.1/../../../../arm-none-eabi/lib/armv7-m\libg_n.a(lib_a-impure.o)
                0x08000e14                _global_impure_ptr
 *(.eh_frame*)
 .eh_frame      0x08000e18        0x0 c:/program files (x86)/embitz/1.11/share/em_armgcc/bin/../lib/gcc/arm-none-eabi/5.4.1/armv7-m/crtbegin.o
 .eh_frame      0x08000e18        0x4 c:/program files (x86)/embitz/1.11/share/em_armgcc/bin/../lib/gcc/arm-none-eabi/5.4.1/armv7-m/crtend.o

.glue_7         0x08000e1c        0x0
 .glue_7        0x08000e1c        0x0 linker stubs

.glue_7t        0x08000e1c        0x0
 .glue_7t       0x08000e1c        0x0 linker stubs

.vfp11_veneer   0x08000e1c        0x0
 .vfp11_veneer  0x08000e1c        0x0 linker stubs

.v4_bx          0x08000e1c        0x0
 .v4_bx         0x08000e1c        0x0 linker stubs

.iplt           0x08000e1c        0x0
 .iplt          0x08000e1c        0x0 c:/program files (x86)/embitz/1.11/share/em_armgcc/bin/../lib/gcc/arm-none-eabi/5.4.1/armv7-m/crtbegin.o

.ARM.extab
 *(.ARM.extab* .gnu.linkonce.armextab.*)
                0x08000e1c                __exidx_start = .

.ARM.exidx      0x08000e1c        0x8
 *(.ARM.exidx* .gnu.linkonce.armexidx.*)
 .ARM.exidx     0x08000e1c        0x8 c:/program files (x86)/embitz/1.11/share/em_armgcc/bin/../lib/gcc/arm-none-eabi/5.4.1/../../../../arm-none-eabi/lib/armv7-m/crt0.o
                0x08000e24                __exidx_end = .
                0x08000e24                __etext = .

.rel.dyn        0x08000e24        0x0
 .rel.iplt      0x08000e24        0x0 c:/program files (x86)/embitz/1.11/share/em_armgcc/bin/../lib/gcc/arm-none-eabi/5.4.1/armv7-m/crtbegin.o

.data           0x20000000       0x7c load address 0x08000e24
                0x20000000                __data_start__ = .
 *(vtable)
 *(.data*)
 .data.ADCPrescTable
                0x20000000        0x4 obj\release\spl\src\stm32f10x_rcc.o
 .data.APBAHBPrescTable
                0x20000004       0x10 obj\release\spl\src\stm32f10x_rcc.o
 .data.impure_data
                0x20000014       0x60 c:/program files (x86)/embitz/1.11/share/em_armgcc/bin/../lib/gcc/arm-none-eabi/5.4.1/../../../../arm-none-eabi/lib/armv7-m\libg_n.a(lib_a-impure.o)
                0x20000074                . = ALIGN (0x4)
                0x20000074                PROVIDE (__preinit_array_start, .)
 *(.preinit_array)
                0x20000074                PROVIDE (__preinit_array_end, .)
                0x20000074                . = ALIGN (0x4)
                0x20000074                PROVIDE (__init_array_start, .)
 *(SORT(.init_array.*))
 *(.init_array)
 .init_array    0x20000074        0x4 c:/program files (x86)/embitz/1.11/share/em_armgcc/bin/../lib/gcc/arm-none-eabi/5.4.1/armv7-m/crtbegin.o
                0x20000078                PROVIDE (__init_array_end, .)
                0x20000078                . = ALIGN (0x4)
                [!provide]                PROVIDE (__fini_array_start, .)
 *(SORT(.fini_array.*))
 *(.fini_array)
 .fini_array    0x20000078        0x4 c:/program files (x86)/embitz/1.11/share/em_armgcc/bin/../lib/gcc/arm-none-eabi/5.4.1/armv7-m/crtbegin.o
                [!provide]                PROVIDE (__fini_array_end, .)
                0x2000007c                . = ALIGN (0x4)
                0x2000007c                __data_end__ = .

.jcr            0x2000007c        0x0 load address 0x08000ea0
 .jcr           0x2000007c        0x0 c:/program files (x86)/embitz/1.11/share/em_armgcc/bin/../lib/gcc/arm-none-eabi/5.4.1/armv7-m/crtbegin.o

.igot.plt       0x2000007c        0x0 load address 0x08000ea0
 .igot.plt      0x2000007c        0x0 c:/program files (x86)/embitz/1.11/share/em_armgcc/bin/../lib/gcc/arm-none-eabi/5.4.1/armv7-m/crtbegin.o

.bss            0x2000007c       0x22 load address 0x08000ea0
                0x2000007c                __bss_start__ = .
 *(.bss*)
 .bss           0x2000007c       0x1c c:/program files (x86)/embitz/1.11/share/em_armgcc/bin/../lib/gcc/arm-none-eabi/5.4.1/armv7-m/crtbegin.o
 *(COMMON)
 COMMON         0x20000098        0x6 obj\release\src\main.o
                0x20000098                m_conversionDelay
                0x20000099                m_i2cAddress
                0x2000009a                m_bitShift
                0x2000009c                m_gain
                0x2000009e                __bss_end__ = .

.heap           0x200000a0        0x0
                0x200000a0                __end__ = .
                0x200000a0                end = __end__
 *(.heap*)
 .heap          0x200000a0        0x0 obj\release\src\startup_stm32f10x_md.o
                0x200000a0                __HeapLimit = .

.stack_dummy    0x200000a0      0x100
 *(.stack)
 .stack         0x200000a0      0x100 obj\release\src\startup_stm32f10x_md.o
                0x20005000                __StackTop = (ORIGIN (RAM) + LENGTH (RAM))
                0x20004f00                __StackLimit = (__StackTop - SIZEOF (.stack_dummy))
                0x20005000                PROVIDE (__stack, __StackTop)
                0x00000001                ASSERT ((__StackLimit >= __HeapLimit), region RAM overflowed with stack)
LOAD obj\release\spl\src\misc.o
LOAD obj\release\spl\src\stm32f10x_adc.o
LOAD obj\release\spl\src\stm32f10x_bkp.o
LOAD obj\release\spl\src\stm32f10x_can.o
LOAD obj\release\spl\src\stm32f10x_cec.o
LOAD obj\release\spl\src\stm32f10x_crc.o
LOAD obj\release\spl\src\stm32f10x_dac.o
LOAD obj\release\spl\src\stm32f10x_dbgmcu.o
LOAD obj\release\spl\src\stm32f10x_dma.o
LOAD obj\release\spl\src\stm32f10x_exti.o
LOAD obj\release\spl\src\stm32f10x_flash.o
LOAD obj\release\spl\src\stm32f10x_fsmc.o
LOAD obj\release\spl\src\stm32f10x_gpio.o
LOAD obj\release\spl\src\stm32f10x_i2c.o
LOAD obj\release\spl\src\stm32f10x_iwdg.o
LOAD obj\release\spl\src\stm32f10x_pwr.o
LOAD obj\release\spl\src\stm32f10x_rcc.o
LOAD obj\release\spl\src\stm32f10x_rtc.o
LOAD obj\release\spl\src\stm32f10x_sdio.o
LOAD obj\release\spl\src\stm32f10x_spi.o
LOAD obj\release\spl\src\stm32f10x_tim.o
LOAD obj\release\spl\src\stm32f10x_usart.o
LOAD obj\release\spl\src\stm32f10x_wwdg.o
LOAD obj\release\src\main.o
LOAD obj\release\src\startup_stm32f10x_md.o
LOAD obj\release\src\system_stm32f10x.o
START GROUP
LOAD c:/program files (x86)/embitz/1.11/share/em_armgcc/bin/../lib/gcc/arm-none-eabi/5.4.1/armv7-m\libgcc.a
LOAD c:/program files (x86)/embitz/1.11/share/em_armgcc/bin/../lib/gcc/arm-none-eabi/5.4.1/../../../../arm-none-eabi/lib/armv7-m\libg_n.a
LOAD c:/program files (x86)/embitz/1.11/share/em_armgcc/bin/../lib/gcc/arm-none-eabi/5.4.1/../../../../arm-none-eabi/lib/armv7-m\libc_n.a
END GROUP
START GROUP
LOAD c:/program files (x86)/embitz/1.11/share/em_armgcc/bin/../lib/gcc/arm-none-eabi/5.4.1/armv7-m\libgcc.a
LOAD c:/program files (x86)/embitz/1.11/share/em_armgcc/bin/../lib/gcc/arm-none-eabi/5.4.1/../../../../arm-none-eabi/lib/armv7-m\libc_n.a
LOAD c:/program files (x86)/embitz/1.11/share/em_armgcc/bin/../lib/gcc/arm-none-eabi/5.4.1/../../../../arm-none-eabi/lib/armv7-m\libnosys_s.a
END GROUP
LOAD c:/program files (x86)/embitz/1.11/share/em_armgcc/bin/../lib/gcc/arm-none-eabi/5.4.1/armv7-m/crtend.o
LOAD c:/program files (x86)/embitz/1.11/share/em_armgcc/bin/../lib/gcc/arm-none-eabi/5.4.1/armv7-m/crtn.o
OUTPUT(bin\Release\ads1115_adc_pga.elf elf32-littlearm)

.ARM.attributes
                0x00000000       0x29
 .ARM.attributes
                0x00000000       0x1d c:/program files (x86)/embitz/1.11/share/em_armgcc/bin/../lib/gcc/arm-none-eabi/5.4.1/armv7-m/crti.o
 .ARM.attributes
                0x0000001d       0x2d c:/program files (x86)/embitz/1.11/share/em_armgcc/bin/../lib/gcc/arm-none-eabi/5.4.1/armv7-m/crtbegin.o
 .ARM.attributes
                0x0000004a       0x1b c:/program files (x86)/embitz/1.11/share/em_armgcc/bin/../lib/gcc/arm-none-eabi/5.4.1/../../../../arm-none-eabi/lib/armv7-m/crt0.o
 .ARM.attributes
                0x00000065       0x33 obj\release\spl\src\stm32f10x_gpio.o
 .ARM.attributes
                0x00000098       0x33 obj\release\spl\src\stm32f10x_i2c.o
 .ARM.attributes
                0x000000cb       0x33 obj\release\spl\src\stm32f10x_rcc.o
 .ARM.attributes
                0x000000fe       0x33 obj\release\spl\src\stm32f10x_usart.o
 .ARM.attributes
                0x00000131       0x33 obj\release\src\main.o
 .ARM.attributes
                0x00000164       0x1b obj\release\src\startup_stm32f10x_md.o
 .ARM.attributes
                0x0000017f       0x33 obj\release\src\system_stm32f10x.o
 .ARM.attributes
                0x000001b2       0x2d c:/program files (x86)/embitz/1.11/share/em_armgcc/bin/../lib/gcc/arm-none-eabi/5.4.1/../../../../arm-none-eabi/lib/armv7-m\libg_n.a(lib_a-exit.o)
 .ARM.attributes
                0x000001df       0x2d c:/program files (x86)/embitz/1.11/share/em_armgcc/bin/../lib/gcc/arm-none-eabi/5.4.1/../../../../arm-none-eabi/lib/armv7-m\libg_n.a(lib_a-impure.o)
 .ARM.attributes
                0x0000020c       0x2d c:/program files (x86)/embitz/1.11/share/em_armgcc/bin/../lib/gcc/arm-none-eabi/5.4.1/../../../../arm-none-eabi/lib/armv7-m\libg_n.a(lib_a-init.o)
 .ARM.attributes
                0x00000239       0x2d c:/program files (x86)/embitz/1.11/share/em_armgcc/bin/../lib/gcc/arm-none-eabi/5.4.1/../../../../arm-none-eabi/lib/armv7-m\libg_n.a(lib_a-memset.o)
 .ARM.attributes
                0x00000266       0x2d c:/program files (x86)/embitz/1.11/share/em_armgcc/bin/../lib/gcc/arm-none-eabi/5.4.1/../../../../arm-none-eabi/lib/armv7-m\libnosys_s.a(_exit.o)
 .ARM.attributes
                0x00000293       0x2d c:/program files (x86)/embitz/1.11/share/em_armgcc/bin/../lib/gcc/arm-none-eabi/5.4.1/armv7-m/crtend.o
 .ARM.attributes
                0x000002c0       0x1d c:/program files (x86)/embitz/1.11/share/em_armgcc/bin/../lib/gcc/arm-none-eabi/5.4.1/armv7-m/crtn.o

.comment        0x00000000       0x6e
 .comment       0x00000000       0x6e obj\release\spl\src\stm32f10x_gpio.o
                                 0x6f (size before relaxing)
 .comment       0x0000006e       0x6f obj\release\spl\src\stm32f10x_i2c.o
 .comment       0x0000006e       0x6f obj\release\spl\src\stm32f10x_rcc.o
 .comment       0x0000006e       0x6f obj\release\spl\src\stm32f10x_usart.o
 .comment       0x0000006e       0x6f obj\release\src\main.o
 .comment       0x0000006e       0x6f obj\release\src\system_stm32f10x.o

.debug_info     0x00000000     0x41a0
 .debug_info    0x00000000      0x891 obj\release\spl\src\stm32f10x_gpio.o
 .debug_info    0x00000891      0xb2f obj\release\spl\src\stm32f10x_i2c.o
 .debug_info    0x000013c0      0x946 obj\release\spl\src\stm32f10x_rcc.o
 .debug_info    0x00001d06      0xb2a obj\release\spl\src\stm32f10x_usart.o
 .debug_info    0x00002830     0x1438 obj\release\src\main.o
 .debug_info    0x00003c68       0x70 obj\release\src\startup_stm32f10x_md.o
 .debug_info    0x00003cd8      0x4c8 obj\release\src\system_stm32f10x.o

.debug_abbrev   0x00000000      0xdb1
 .debug_abbrev  0x00000000      0x202 obj\release\spl\src\stm32f10x_gpio.o
 .debug_abbrev  0x00000202      0x242 obj\release\spl\src\stm32f10x_i2c.o
 .debug_abbrev  0x00000444      0x270 obj\release\spl\src\stm32f10x_rcc.o
 .debug_abbrev  0x000006b4      0x1e6 obj\release\spl\src\stm32f10x_usart.o
 .debug_abbrev  0x0000089a      0x393 obj\release\src\main.o
 .debug_abbrev  0x00000c2d       0x14 obj\release\src\startup_stm32f10x_md.o
 .debug_abbrev  0x00000c41      0x170 obj\release\src\system_stm32f10x.o

.debug_loc      0x00000000     0x24f8
 .debug_loc     0x00000000      0x569 obj\release\spl\src\stm32f10x_gpio.o
 .debug_loc     0x00000569      0x6c3 obj\release\spl\src\stm32f10x_i2c.o
 .debug_loc     0x00000c2c      0x726 obj\release\spl\src\stm32f10x_rcc.o
 .debug_loc     0x00001352      0x86d obj\release\spl\src\stm32f10x_usart.o
 .debug_loc     0x00001bbf      0x87d obj\release\src\main.o
 .debug_loc     0x0000243c       0xbc obj\release\src\system_stm32f10x.o

.debug_aranges  0x00000000      0x4e8
 .debug_aranges
                0x00000000       0xa8 obj\release\spl\src\stm32f10x_gpio.o
 .debug_aranges
                0x000000a8      0x110 obj\release\spl\src\stm32f10x_i2c.o
 .debug_aranges
                0x000001b8      0x118 obj\release\spl\src\stm32f10x_rcc.o
 .debug_aranges
                0x000002d0      0x100 obj\release\spl\src\stm32f10x_usart.o
 .debug_aranges
                0x000003d0       0xd0 obj\release\src\main.o
 .debug_aranges
                0x000004a0       0x20 obj\release\src\startup_stm32f10x_md.o
 .debug_aranges
                0x000004c0       0x28 obj\release\src\system_stm32f10x.o

.debug_ranges   0x00000000      0x510
 .debug_ranges  0x00000000       0x98 obj\release\spl\src\stm32f10x_gpio.o
 .debug_ranges  0x00000098      0x100 obj\release\spl\src\stm32f10x_i2c.o
 .debug_ranges  0x00000198      0x128 obj\release\spl\src\stm32f10x_rcc.o
 .debug_ranges  0x000002c0       0xf0 obj\release\spl\src\stm32f10x_usart.o
 .debug_ranges  0x000003b0      0x120 obj\release\src\main.o
 .debug_ranges  0x000004d0       0x40 obj\release\src\system_stm32f10x.o

.debug_line     0x00000000     0x16b8
 .debug_line    0x00000000      0x357 obj\release\spl\src\stm32f10x_gpio.o
 .debug_line    0x00000357      0x430 obj\release\spl\src\stm32f10x_i2c.o
 .debug_line    0x00000787      0x42f obj\release\spl\src\stm32f10x_rcc.o
 .debug_line    0x00000bb6      0x41b obj\release\spl\src\stm32f10x_usart.o
 .debug_line    0x00000fd1      0x48e obj\release\src\main.o
 .debug_line    0x0000145f       0xa8 obj\release\src\startup_stm32f10x_md.o
 .debug_line    0x00001507      0x1b1 obj\release\src\system_stm32f10x.o

.debug_str      0x00000000     0x144f
 .debug_str     0x00000000      0x51d obj\release\spl\src\stm32f10x_gpio.o
                                0x573 (size before relaxing)
 .debug_str     0x0000051d      0x465 obj\release\spl\src\stm32f10x_i2c.o
                                0x69c (size before relaxing)
 .debug_str     0x00000982      0x36c obj\release\spl\src\stm32f10x_rcc.o
                                0x65d (size before relaxing)
 .debug_str     0x00000cee      0x406 obj\release\spl\src\stm32f10x_usart.o
                                0x713 (size before relaxing)
 .debug_str     0x000010f4      0x27f obj\release\src\main.o
                                0x820 (size before relaxing)
 .debug_str     0x00001373       0xdc obj\release\src\system_stm32f10x.o
                                0x32f (size before relaxing)

.debug_frame    0x00000000      0xbf4
 .debug_frame   0x00000000      0x1b0 obj\release\spl\src\stm32f10x_gpio.o
 .debug_frame   0x000001b0      0x26c obj\release\spl\src\stm32f10x_i2c.o
 .debug_frame   0x0000041c      0x228 obj\release\spl\src\stm32f10x_rcc.o
 .debug_frame   0x00000644      0x258 obj\release\spl\src\stm32f10x_usart.o
 .debug_frame   0x0000089c      0x27c obj\release\src\main.o
 .debug_frame   0x00000b18       0x48 obj\release\src\system_stm32f10x.o
 .debug_frame   0x00000b60       0x28 c:/program files (x86)/embitz/1.11/share/em_armgcc/bin/../lib/gcc/arm-none-eabi/5.4.1/../../../../arm-none-eabi/lib/armv7-m\libg_n.a(lib_a-exit.o)
 .debug_frame   0x00000b88       0x2c c:/program files (x86)/embitz/1.11/share/em_armgcc/bin/../lib/gcc/arm-none-eabi/5.4.1/../../../../arm-none-eabi/lib/armv7-m\libg_n.a(lib_a-init.o)
 .debug_frame   0x00000bb4       0x20 c:/program files (x86)/embitz/1.11/share/em_armgcc/bin/../lib/gcc/arm-none-eabi/5.4.1/../../../../arm-none-eabi/lib/armv7-m\libg_n.a(lib_a-memset.o)
 .debug_frame   0x00000bd4       0x20 c:/program files (x86)/embitz/1.11/share/em_armgcc/bin/../lib/gcc/arm-none-eabi/5.4.1/../../../../arm-none-eabi/lib/armv7-m\libnosys_s.a(_exit.o)
